Component: ARM Compiler 5.06 update 6 (build 750) Tool: armlink [4d35ed]

==============================================================================

Section Cross References

    startup_stm32f429xx.o(RESET) refers to startup_stm32f429xx.o(STACK) for __initial_sp
    startup_stm32f429xx.o(RESET) refers to startup_stm32f429xx.o(.text) for Reset_Handler
    startup_stm32f429xx.o(RESET) refers to stm32f4xx_it.o(i.NMI_Handler) for NMI_Handler
    startup_stm32f429xx.o(RESET) refers to stm32f4xx_it.o(i.HardFault_Handler) for HardFault_Handler
    startup_stm32f429xx.o(RESET) refers to stm32f4xx_it.o(i.MemManage_Handler) for MemManage_Handler
    startup_stm32f429xx.o(RESET) refers to stm32f4xx_it.o(i.BusFault_Handler) for BusFault_Handler
    startup_stm32f429xx.o(RESET) refers to stm32f4xx_it.o(i.UsageFault_Handler) for UsageFault_Handler
    startup_stm32f429xx.o(RESET) refers to stm32f4xx_it.o(i.SVC_Handler) for SVC_Handler
    startup_stm32f429xx.o(RESET) refers to stm32f4xx_it.o(i.DebugMon_Handler) for DebugMon_Handler
    startup_stm32f429xx.o(RESET) refers to stm32f4xx_it.o(i.PendSV_Handler) for PendSV_Handler
    startup_stm32f429xx.o(RESET) refers to stm32f4xx_it.o(i.SysTick_Handler) for SysTick_Handler
    startup_stm32f429xx.o(RESET) refers to stm32f4xx_it.o(i.TIM1_BRK_TIM9_IRQHandler) for TIM1_BRK_TIM9_IRQHandler
    startup_stm32f429xx.o(RESET) refers to stm32f4xx_it.o(i.TIM1_UP_TIM10_IRQHandler) for TIM1_UP_TIM10_IRQHandler
    startup_stm32f429xx.o(RESET) refers to stm32f4xx_it.o(i.TIM8_UP_TIM13_IRQHandler) for TIM8_UP_TIM13_IRQHandler
    startup_stm32f429xx.o(.text) refers to system_stm32f4xx.o(i.SystemInit) for SystemInit
    startup_stm32f429xx.o(.text) refers to entry.o(.ARM.Collect$$$$00000000) for __main
    robot.o(i.HAL_TIM_PeriodElapsedCallback) refers to motorcontrol.o(i.motor_speed_handler) for motor_speed_handler
    robot.o(i.HAL_TIM_PeriodElapsedCallback) refers to position.o(i.Set_Command_Point) for Set_Command_Point
    robot.o(i.HAL_TIM_PeriodElapsedCallback) refers to controlsystem.o(i.Set_Navigate_Direction) for Set_Navigate_Direction
    robot.o(i.HAL_TIM_PeriodElapsedCallback) refers to hardware.o(i.Spi_TransmitReceive) for Spi_TransmitReceive
    robot.o(i.HAL_TIM_PeriodElapsedCallback) refers to hardware.o(i.Spi_Crc_Error) for Spi_Crc_Error
    robot.o(i.HAL_TIM_PeriodElapsedCallback) refers to spi.o(i.MX_SPI2_Init) for MX_SPI2_Init
    robot.o(i.HAL_TIM_PeriodElapsedCallback) refers to position.o(i.Update_Position_Spi) for Update_Position_Spi
    robot.o(i.HAL_TIM_PeriodElapsedCallback) refers to controlsystem.o(i.Robot_Go) for Robot_Go
    robot.o(i.HAL_TIM_PeriodElapsedCallback) refers to controlsystem.o(i.Check_NavigateComplete) for Check_NavigateComplete
    robot.o(i.HAL_TIM_PeriodElapsedCallback) refers to tim.o(.bss) for htim8
    robot.o(i.HAL_TIM_PeriodElapsedCallback) refers to main.o(.bss) for eurobot2019
    robot.o(i.HAL_TIM_PeriodElapsedCallback) refers to main.o(.data) for p
    robot.o(i.HAL_TIM_PeriodElapsedCallback) refers to robot.o(.data) for .data
    robot.o(i.HAL_TIM_PeriodElapsedCallback) refers to main.o(.data) for X
    robot.o(i.HAL_TIM_PeriodElapsedCallback) refers to main.o(.data) for Y
    robot.o(i.HAL_TIM_PeriodElapsedCallback) refers to main.o(.data) for Theta
    hardware.o(i.Encoder_Init_16bit) refers to stm32f4xx_hal_tim.o(i.HAL_TIM_Encoder_Start) for HAL_TIM_Encoder_Start
    hardware.o(i.Encoder_Init_32bit) refers to stm32f4xx_hal_tim.o(i.HAL_TIM_Encoder_Start) for HAL_TIM_Encoder_Start
    hardware.o(i.Hardware_Init) refers to hardware.o(i.Hardware_Mapping) for Hardware_Mapping
    hardware.o(i.Hardware_Init) refers to hardware.o(i.MonsterMotor_Init) for MonsterMotor_Init
    hardware.o(i.Hardware_Init) refers to hardware.o(i.Encoder_Init_16bit) for Encoder_Init_16bit
    hardware.o(i.Hardware_Init) refers to hardware.o(i.Spi_Init) for Spi_Init
    hardware.o(i.Hardware_Mapping) refers to tim.o(.bss) for htim3
    hardware.o(i.Hardware_Mapping) refers to spi.o(.bss) for hspi5
    hardware.o(i.MonsterMotor_Init) refers to stm32f4xx_hal_tim.o(i.HAL_TIM_PWM_Start) for HAL_TIM_PWM_Start
    hardware.o(i.MonsterMotor_Write) refers to cdrcmple.o(.text) for __aeabi_cdrcmple
    hardware.o(i.MonsterMotor_Write) refers to stm32f4xx_hal_gpio.o(i.HAL_GPIO_WritePin) for HAL_GPIO_WritePin
    hardware.o(i.MonsterMotor_Write) refers to cdcmple.o(.text) for __aeabi_cdcmple
    hardware.o(i.MonsterMotor_Write) refers to dmul.o(.text) for __aeabi_dmul
    hardware.o(i.MonsterMotor_Write) refers to dfixui.o(.text) for __aeabi_d2uiz
    hardware.o(i.Spi_Crc_Error) refers to stm32f4xx_hal_crc.o(i.HAL_CRC_Calculate) for HAL_CRC_Calculate
    hardware.o(i.Spi_Crc_Error) refers to dflti.o(.text) for __aeabi_i2d
    hardware.o(i.Spi_Crc_Error) refers to ddiv.o(.text) for __aeabi_ddiv
    hardware.o(i.Spi_Crc_Error) refers to crc.o(.data) for hcrc
    hardware.o(i.Spi_Init) refers to stm32f4xx_hal_gpio.o(i.HAL_GPIO_WritePin) for HAL_GPIO_WritePin
[...]
    Removing dneg.o(.text), (6 bytes).

414 unused section(s) (total 24882 bytes) removed from the image.

==============================================================================

Image Symbol Table

    Local Symbols

    Symbol Name                              Value     Ov Type        Size  Object(Section)

    ../Src/crc.c                             0x00000000   Number         0  crc.o ABSOLUTE
    ../Src/gpio.c                            0x00000000   Number         0  gpio.o ABSOLUTE
    ../Src/main.c                            0x00000000   Number         0  main.o ABSOLUTE
    ../Src/spi.c                             0x00000000   Number         0  spi.o ABSOLUTE
    ../Src/stm32f4xx_hal_msp.c               0x00000000   Number         0  stm32f4xx_hal_msp.o ABSOLUTE
    ../Src/stm32f4xx_it.c                    0x00000000   Number         0  stm32f4xx_it.o ABSOLUTE
    ../Src/system_stm32f4xx.c                0x00000000   Number         0  system_stm32f4xx.o ABSOLUTE
    ../Src/tim.c                             0x00000000   Number         0  tim.o ABSOLUTE
    ../clib/microlib/division.c              0x00000000   Number         0  uldiv.o ABSOLUTE
    ../clib/microlib/errno.c                 0x00000000   Number         0  errno.o ABSOLUTE
    ../clib/microlib/init/entry.s            0x00000000   Number         0  entry8a.o ABSOLUTE
    ../clib/microlib/init/entry.s            0x00000000   Number         0  entry8b.o ABSOLUTE
    ../clib/microlib/init/entry.s            0x00000000   Number         0  entry9a.o ABSOLUTE
    ../clib/microlib/init/entry.s            0x00000000   Number         0  entry.o ABSOLUTE
    ../clib/microlib/init/entry.s            0x00000000   Number         0  entry11b.o ABSOLUTE
    ../clib/microlib/init/entry.s            0x00000000   Number         0  entry10a.o ABSOLUTE
    ../clib/microlib/init/entry.s            0x00000000   Number         0  entry11a.o ABSOLUTE
    ../clib/microlib/init/entry.s            0x00000000   Number         0  entry9b.o ABSOLUTE
    ../clib/microlib/init/entry.s            0x00000000   Number         0  entry10b.o ABSOLUTE
    ../clib/microlib/init/entry.s            0x00000000   Number         0  entry2.o ABSOLUTE
    ../clib/microlib/init/entry.s            0x00000000   Number         0  entry5.o ABSOLUTE
    ../clib/microlib/init/entry.s            0x00000000   Number         0  entry7a.o ABSOLUTE
    ../clib/microlib/init/entry.s            0x00000000   Number         0  entry7b.o ABSOLUTE
    ../clib/microlib/longlong.c              0x00000000   Number         0  llsshr.o ABSOLUTE
    ../clib/microlib/longlong.c              0x00000000   Number         0  llshl.o ABSOLUTE
    ../clib/microlib/longlong.c              0x00000000   Number         0  llushr.o ABSOLUTE
    ../clib/microlib/string/memset.c         0x00000000   Number         0  memseta.o ABSOLUTE
    ../clib/microlib/stubs.s                 0x00000000   Number         0  iusefp.o ABSOLUTE
    ../fplib/microlib/fpadd.c                0x00000000   Number         0  dadd.o ABSOLUTE
    ../fplib/microlib/fpdiv.c                0x00000000   Number         0  ddiv.o ABSOLUTE
    ../fplib/microlib/fpepilogue.c           0x00000000   Number         0  depilogue.o ABSOLUTE
    ../fplib/microlib/fpfix.c                0x00000000   Number         0  dfixui.o ABSOLUTE
    ../fplib/microlib/fpflt.c                0x00000000   Number         0  dflti.o ABSOLUTE
    ../fplib/microlib/fpmul.c                0x00000000   Number         0  dmul.o ABSOLUTE
    ../fplib/microlib/fpneg.c                0x00000000   Number         0  dneg.o ABSOLUTE
    ../fplib/microlib/fprem.c                0x00000000   Number         0  drem.o ABSOLUTE
    ../fplib/microlib/fpscalb.c              0x00000000   Number         0  dscalb.o ABSOLUTE
    ../fplib/microlib/fpsqrt.c               0x00000000   Number         0  dsqrt.o ABSOLUTE
    ../mathlib/atan.c                        0x00000000   Number         0  atan.o ABSOLUTE
    ../mathlib/atan.c                        0x00000000   Number         0  atan_x.o ABSOLUTE
    ../mathlib/atan2.c                       0x00000000   Number         0  atan2.o ABSOLUTE
    ../mathlib/atan2.c                       0x00000000   Number         0  atan2_x.o ABSOLUTE
    ../mathlib/dunder.c                      0x00000000   Number         0  dunder.o ABSOLUTE
    ../mathlib/fabs.c                        0x00000000   Number         0  fabs.o ABSOLUTE
    ../mathlib/fmod.c                        0x00000000   Number         0  fmod_x.o ABSOLUTE
    ../mathlib/fmod.c                        0x00000000   Number         0  fmod.o ABSOLUTE
    ../mathlib/fpclassify.c                  0x00000000   Number         0  fpclassify.o ABSOLUTE
    ../mathlib/poly.c                        0x00000000   Number         0  poly.o ABSOLUTE
    ../mathlib/pow.c                         0x00000000   Number         0  pow.o ABSOLUTE
    ../mathlib/pow.c                         0x00000000   Number         0  pow_x.o ABSOLUTE
    ../mathlib/qnan.c                        0x00000000   Number         0  qnan.o ABSOLUTE
    ../mathlib/sqrt.c                        0x00000000   Number         0  sqrt.o ABSOLUTE
    ../mathlib/sqrt.c                        0x00000000   Number         0  sqrt_x.o ABSOLUTE
    ../mathlib/wrappers.c                    0x00000000   Number         0  atan2l.o ABSOLUTE
    ..\Src\crc.c                             0x00000000   Number         0  crc.o ABSOLUTE
    ..\Src\gpio.c                            0x00000000   Number         0  gpio.o ABSOLUTE
    ..\Src\main.c                            0x00000000   Number         0  main.o ABSOLUTE
    ..\Src\spi.c                             0x00000000   Number         0  spi.o ABSOLUTE
    ..\Src\stm32f4xx_hal_msp.c               0x00000000   Number         0  stm32f4xx_hal_msp.o ABSOLUTE
    ..\Src\stm32f4xx_it.c                    0x00000000   Number         0  stm32f4xx_it.o ABSOLUTE
    ..\Src\system_stm32f4xx.c                0x00000000   Number         0  system_stm32f4xx.o ABSOLUTE
    ..\Src\tim.c                             0x00000000   Number         0  tim.o ABSOLUTE
    C:/Users/yeh87/STM32Cube/Repository/STM32Cube_FW_F4_V1.23.0/Drivers/STM32F4xx_HAL_Driver/Src/stm32f4xx_hal.c 0x00000000   Number         0  stm32f4xx_hal.o ABSOLUTE
    C:/Users/yeh87/STM32Cube/Repository/STM32Cube_FW_F4_V1.23.0/Drivers/STM32F4xx_HAL_Driver/Src/stm32f4xx_hal_cortex.c 0x00000000   Number         0  stm32f4xx_hal_cortex.o ABSOLUTE
    C:/Users/yeh87/STM32Cube/Repository/STM32Cube_FW_F4_V1.23.0/Drivers/STM32F4xx_HAL_Driver/Src/stm32f4xx_hal_crc.c 0x00000000   Number         0  stm32f4xx_hal_crc.o ABSOLUTE
    C:/Users/yeh87/STM32Cube/Repository/STM32Cube_FW_F4_V1.23.0/Drivers/STM32F4xx_HAL_Driver/Src/stm32f4xx_hal_dma.c 0x00000000   Number         0  stm32f4xx_hal_dma.o ABSOLUTE
    C:/Users/yeh87/STM32Cube/Repository/STM32Cube_FW_F4_V1.23.0/Drivers/STM32F4xx_HAL_Driver/Src/stm32f4xx_hal_dma_ex.c 0x00000000   Number         0  stm32f4xx_hal_dma_ex.o ABSOLUTE
    C:/Users/yeh87/STM32Cube/Repository/STM32Cube_FW_F4_V1.23.0/Drivers/STM32F4xx_HAL_Driver/Src/stm32f4xx_hal_flash.c 0x00000000   Number         0  stm32f4xx_hal_flash.o ABSOLUTE
    C:/Users/yeh87/STM32Cube/Repository/STM32Cube_FW_F4_V1.23.0/Drivers/STM32F4xx_HAL_Driver/Src/stm32f4xx_hal_flash_ex.c 0x00000000   Number         0  stm32f4xx_hal_flash_ex.o ABSOLUTE
    C:/Users/yeh87/STM32Cube/Repository/STM32Cube_FW_F4_V1.23.0/Drivers/STM32F4xx_HAL_Driver/Src/stm32f4xx_hal_flash_ramfunc.c 0x00000000   Number         0  stm32f4xx_hal_flash_ramfunc.o ABSOLUTE
    C:/Users/yeh87/STM32Cube/Repository/STM32Cube_FW_F4_V1.23.0/Drivers/STM32F4xx_HAL_Driver/Src/stm32f4xx_hal_gpio.c 0x00000000   Number         0  stm32f4xx_hal_gpio.o ABSOLUTE
    C:/Users/yeh87/STM32Cube/Repository/STM32Cube_FW_F4_V1.23.0/Drivers/STM32F4xx_HAL_Driver/Src/stm32f4xx_hal_pwr.c 0x00000000   Number         0  stm32f4xx_hal_pwr.o ABSOLUTE
    C:/Users/yeh87/STM32Cube/Repository/STM32Cube_FW_F4_V1.23.0/Drivers/STM32F4xx_HAL_Driver/Src/stm32f4xx_hal_pwr_ex.c 0x00000000   Number         0  stm32f4xx_hal_pwr_ex.o ABSOLUTE
    C:/Users/yeh87/STM32Cube/Repository/STM32Cube_FW_F4_V1.23.0/Drivers/STM32F4xx_HAL_Driver/Src/stm32f4xx_hal_rcc.c 0x00000000   Number         0  stm32f4xx_hal_rcc.o ABSOLUTE
    C:/Users/yeh87/STM32Cube/Repository/STM32Cube_FW_F4_V1.23.0/Drivers/STM32F4xx_HAL_Driver/Src/stm32f4xx_hal_rcc_ex.c 0x00000000   Number         0  stm32f4xx_hal_rcc_ex.o ABSOLUTE
    C:/Users/yeh87/STM32Cube/Repository/STM32Cube_FW_F4_V1.23.0/Drivers/STM32F4xx_HAL_Driver/Src/stm32f4xx_hal_spi.c 0x00000000   Number         0  stm32f4xx_hal_spi.o ABSOLUTE
    C:/Users/yeh87/STM32Cube/Repository/STM32Cube_FW_F4_V1.23.0/Drivers/STM32F4xx_HAL_Driver/Src/stm32f4xx_hal_tim.c 0x00000000   Number         0  stm32f4xx_hal_tim.o ABSOLUTE
    C:/Users/yeh87/STM32Cube/Repository/STM32Cube_FW_F4_V1.23.0/Drivers/STM32F4xx_HAL_Driver/Src/stm32f4xx_hal_tim_ex.c 0x00000000   Number         0  stm32f4xx_hal_tim_ex.o ABSOLUTE
    C:\Users\yeh87\STM32Cube\Repository\STM32Cube_FW_F4_V1.23.0\Drivers\STM32F4xx_HAL_Driver\Src\stm32f4xx_hal.c 0x00000000   Number         0  stm32f4xx_hal.o ABSOLUTE
    C:\Users\yeh87\STM32Cube\Repository\STM32Cube_FW_F4_V1.23.0\Drivers\STM32F4xx_HAL_Driver\Src\stm32f4xx_hal_cortex.c 0x00000000   Number         0  stm32f4xx_hal_cortex.o ABSOLUTE
    C:\Users\yeh87\STM32Cube\Repository\STM32Cube_FW_F4_V1.23.0\Drivers\STM32F4xx_HAL_Driver\Src\stm32f4xx_hal_crc.c 0x00000000   Number         0  stm32f4xx_hal_crc.o ABSOLUTE
    C:\Users\yeh87\STM32Cube\Repository\STM32Cube_FW_F4_V1.23.0\Drivers\STM32F4xx_HAL_Driver\Src\stm32f4xx_hal_dma.c 0x00000000   Number         0  stm32f4xx_hal_dma.o ABSOLUTE
    C:\Users\yeh87\STM32Cube\Repository\STM32Cube_FW_F4_V1.23.0\Drivers\STM32F4xx_HAL_Driver\Src\stm32f4xx_hal_dma_ex.c 0x00000000   Number         0  stm32f4xx_hal_dma_ex.o ABSOLUTE
    C:\Users\yeh87\STM32Cube\Repository\STM32Cube_FW_F4_V1.23.0\Drivers\STM32F4xx_HAL_Driver\Src\stm32f4xx_hal_flash.c 0x00000000   Number         0  stm32f4xx_hal_flash.o ABSOLUTE
    C:\Users\yeh87\STM32Cube\Repository\STM32Cube_FW_F4_V1.23.0\Drivers\STM32F4xx_HAL_Driver\Src\stm32f4xx_hal_flash_ex.c 0x00000000   Number         0  stm32f4xx_hal_flash_ex.o ABSOLUTE
    C:\Users\yeh87\STM32Cube\Repository\STM32Cube_FW_F4_V1.23.0\Drivers\STM32F4xx_HAL_Driver\Src\stm32f4xx_hal_flash_ramfunc.c 0x00000000   Number         0  stm32f4xx_hal_flash_ramfunc.o ABSOLUTE
    C:\Users\yeh87\STM32Cube\Repository\STM32Cube_FW_F4_V1.23.0\Drivers\STM32F4xx_HAL_Driver\Src\stm32f4xx_hal_gpio.c 0x00000000   Number         0  stm32f4xx_hal_gpio.o ABSOLUTE
    C:\Users\yeh87\STM32Cube\Repository\STM32Cube_FW_F4_V1.23.0\Drivers\STM32F4xx_HAL_Driver\Src\stm32f4xx_hal_pwr.c 0x00000000   Number         0  stm32f4xx_hal_pwr.o ABSOLUTE
    C:\Users\yeh87\STM32Cube\Repository\STM32Cube_FW_F4_V1.23.0\Drivers\STM32F4xx_HAL_Driver\Src\stm32f4xx_hal_pwr_ex.c 0x00000000   Number         0  stm32f4xx_hal_pwr_ex.o ABSOLUTE
    C:\Users\yeh87\STM32Cube\Repository\STM32Cube_FW_F4_V1.23.0\Drivers\STM32F4xx_HAL_Driver\Src\stm32f4xx_hal_rcc.c 0x00000000   Number         0  stm32f4xx_hal_rcc.o ABSOLUTE
    C:\Users\yeh87\STM32Cube\Repository\STM32Cube_FW_F4_V1.23.0\Drivers\STM32F4xx_HAL_Driver\Src\stm32f4xx_hal_rcc_ex.c 0x00000000   Number         0  stm32f4xx_hal_rcc_ex.o ABSOLUTE
    C:\Users\yeh87\STM32Cube\Repository\STM32Cube_FW_F4_V1.23.0\Drivers\STM32F4xx_HAL_Driver\Src\stm32f4xx_hal_spi.c 0x00000000   Number         0  stm32f4xx_hal_spi.o ABSOLUTE
    C:\Users\yeh87\STM32Cube\Repository\STM32Cube_FW_F4_V1.23.0\Drivers\STM32F4xx_HAL_Driver\Src\stm32f4xx_hal_tim.c 0x00000000   Number         0  stm32f4xx_hal_tim.o ABSOLUTE
    C:\Users\yeh87\STM32Cube\Repository\STM32Cube_FW_F4_V1.23.0\Drivers\STM32F4xx_HAL_Driver\Src\stm32f4xx_hal_tim_ex.c 0x00000000   Number         0  stm32f4xx_hal_tim_ex.o ABSOLUTE
    cdcmple.s                                0x00000000   Number         0  cdcmple.o ABSOLUTE
    cdrcmple.s                               0x00000000   Number         0  cdrcmple.o ABSOLUTE
    controlsystem.c                          0x00000000   Number         0  controlsystem.o ABSOLUTE
    controlsystem.c                          0x00000000   Number         0  controlsystem.o ABSOLUTE
    dc.s                                     0x00000000   Number         0  dc.o ABSOLUTE
    handlers.s                               0x00000000   Number         0  handlers.o ABSOLUTE
    hardware.c                               0x00000000   Number         0  hardware.o ABSOLUTE
    hardware.c                               0x00000000   Number         0  hardware.o ABSOLUTE
    init.s                                   0x00000000   Number         0  init.o ABSOLUTE
    linear.c                                 0x00000000   Number         0  linear.o ABSOLUTE
    linear.c                                 0x00000000   Number         0  linear.o ABSOLUTE
    motorcontrol.c                           0x00000000   Number         0  motorcontrol.o ABSOLUTE
    motorcontrol.c                           0x00000000   Number         0  motorcontrol.o ABSOLUTE
    position.c                               0x00000000   Number         0  position.o ABSOLUTE
    position.c                               0x00000000   Number         0  position.o ABSOLUTE
    robot.c                                  0x00000000   Number         0  robot.o ABSOLUTE
    robot.c                                  0x00000000   Number         0  robot.o ABSOLUTE
    startup_stm32f429xx.s                    0x00000000   Number         0  startup_stm32f429xx.o ABSOLUTE
    turn.c                                   0x00000000   Number         0  turn.o ABSOLUTE
    turn.c                                   0x00000000   Number         0  turn.o ABSOLUTE
    RESET                                    0x08000000   Section      428  startup_stm32f429xx.o(RESET)
    .ARM.Collect$$$$00000000                 0x080001ac   Section        0  entry.o(.ARM.Collect$$$$00000000)
    .ARM.Collect$$$$00000001                 0x080001ac   Section        4  entry2.o(.ARM.Collect$$$$00000001)
    .ARM.Collect$$$$00000004                 0x080001b0   Section        4  entry5.o(.ARM.Collect$$$$00000004)
    .ARM.Collect$$$$00000008                 0x080001b4   Section        0  entry7b.o(.ARM.Collect$$$$00000008)
    .ARM.Collect$$$$0000000A                 0x080001b4   Section        0  entry8b.o(.ARM.Collect$$$$0000000A)
    .ARM.Collect$$$$0000000B                 0x080001b4   Section        8  entry9a.o(.ARM.Collect$$$$0000000B)
    .ARM.Collect$$$$0000000D                 0x080001bc   Section        0  entry10a.o(.ARM.Collect$$$$0000000D)
    .ARM.Collect$$$$0000000F                 0x080001bc   Section        0  entry11a.o(.ARM.Collect$$$$0000000F)
    .ARM.Collect$$$$00002712                 0x080001bc   Section        4  entry2.o(.ARM.Collect$$$$00002712)
    __lit__00000000                          0x080001bc   Data           4  entry2.o(.ARM.Collect$$$$00002712)
    .text                                    0x080001c0   Section       36  startup_stm32f429xx.o(.text)
    $v0                                      0x080001c0   Number         0  startup_stm32f429xx.o(.text)
    .text                                    0x080001e4   Section        0  uldiv.o(.text)
    .text                                    0x08000246   Section        0  memseta.o(.text)
    .text                                    0x0800026a   Section        0  dadd.o(.text)
    .text                                    0x080003b8   Section        0  dmul.o(.text)
    .text                                    0x0800049c   Section        0  ddiv.o(.text)
    .text                                    0x0800057a   Section        0  dflti.o(.text)
    .text                                    0x0800059c   Section        0  dfixui.o(.text)
    .text                                    0x080005d0   Section       48  cdcmple.o(.text)
    .text                                    0x08000600   Section       48  cdrcmple.o(.text)
    .text                                    0x08000630   Section        0  llshl.o(.text)
    .text                                    0x0800064e   Section        0  llushr.o(.text)
    .text                                    0x0800066e   Section        0  llsshr.o(.text)
    .text                                    0x08000692   Section        0  depilogue.o(.text)
    .text                                    0x08000692   Section        0  iusefp.o(.text)
    .text                                    0x0800074c   Section        0  dscalb.o(.text)
    .text                                    0x0800077a   Section        0  dsqrt.o(.text)
    .text                                    0x0800081c   Section        0  drem.o(.text)
    .text                                    0x080008a4   Section       36  init.o(.text)
    i.BusFault_Handler                       0x080008c8   Section        0  stm32f4xx_it.o(i.BusFault_Handler)
    i.Calculate_Linear_Omega                 0x080008cc   Section        0  linear.o(i.Calculate_Linear_Omega)
    i.Calculate_Turn_Omega                   0x08000a50   Section        0  turn.o(i.Calculate_Turn_Omega)
    i.Check_NavigateComplete                 0x08000ce4   Section        0  controlsystem.o(i.Check_NavigateComplete)
    i.ControlSystem_Init                     0x08000d4c   Section        0  controlsystem.o(i.ControlSystem_Init)
    i.DebugMon_Handler                       0x08000da4   Section        0  stm32f4xx_it.o(i.DebugMon_Handler)
    i.Encoder_Init_16bit                     0x08000da6   Section        0  hardware.o(i.Encoder_Init_16bit)
    i.Encoder_Read                           0x08000dc6   Section        0  hardware.o(i.Encoder_Read)
    i.Error_Handler                          0x08000dd2   Section        0  main.o(i.Error_Handler)
    i.Get_Linear_DistanceError               0x08000dd4   Section        0  linear.o(i.Get_Linear_DistanceError)
    i.Get_Linear_LinearSpeed                 0x08000e54   Section        0  linear.o(i.Get_Linear_LinearSpeed)
    i.Get_Linear_ThetaError                  0x080010d0   Section        0  linear.o(i.Get_Linear_ThetaError)
    i.Get_Linear_TurnSpeed                   0x08001218   Section        0  linear.o(i.Get_Linear_TurnSpeed)
    i.Get_Turn_ThetaError                    0x080012bc   Section        0  turn.o(i.Get_Turn_ThetaError)
    i.Get_Turn_TurnSpeed                     0x0800131c   Section        0  turn.o(i.Get_Turn_TurnSpeed)
    i.HAL_CRC_Calculate                      0x0800139c   Section        0  stm32f4xx_hal_crc.o(i.HAL_CRC_Calculate)
    i.HAL_CRC_Init                           0x080013d8   Section        0  stm32f4xx_hal_crc.o(i.HAL_CRC_Init)
    i.HAL_CRC_MspInit                        0x08001400   Section        0  crc.o(i.HAL_CRC_MspInit)
    i.HAL_GPIO_Init                          0x08001428   Section        0  stm32f4xx_hal_gpio.o(i.HAL_GPIO_Init)
    i.HAL_GPIO_WritePin                      0x08001604   Section        0  stm32f4xx_hal_gpio.o(i.HAL_GPIO_WritePin)
    i.HAL_GetTick                            0x08001610   Section        0  stm32f4xx_hal.o(i.HAL_GetTick)
    i.HAL_IncTick                            0x0800161c   Section        0  stm32f4xx_hal.o(i.HAL_IncTick)
    i.HAL_Init                               0x0800162c   Section        0  stm32f4xx_hal.o(i.HAL_Init)
    i.HAL_InitTick                           0x08001660   Section        0  stm32f4xx_hal.o(i.HAL_InitTick)
    i.HAL_MspInit                            0x080016a0   Section        0  stm32f4xx_hal_msp.o(i.HAL_MspInit)
    i.HAL_NVIC_EnableIRQ                     0x080016d4   Section        0  stm32f4xx_hal_cortex.o(i.HAL_NVIC_EnableIRQ)
    i.HAL_NVIC_SetPriority                   0x080016ec   Section        0  stm32f4xx_hal_cortex.o(i.HAL_NVIC_SetPriority)
    i.HAL_NVIC_SetPriorityGrouping           0x0800172c   Section        0  stm32f4xx_hal_cortex.o(i.HAL_NVIC_SetPriorityGrouping)
    i.HAL_PWREx_EnableOverDrive              0x08001750   Section        0  stm32f4xx_hal_pwr_ex.o(i.HAL_PWREx_EnableOverDrive)
    i.HAL_RCC_ClockConfig                    0x080017c0   Section        0  stm32f4xx_hal_rcc.o(i.HAL_RCC_ClockConfig)
    i.HAL_RCC_GetSysClockFreq                0x080018f0   Section        0  stm32f4xx_hal_rcc.o(i.HAL_RCC_GetSysClockFreq)
    i.HAL_RCC_OscConfig                      0x08001950   Section        0  stm32f4xx_hal_rcc.o(i.HAL_RCC_OscConfig)
    i.HAL_SPI_Init                           0x08001c64   Section        0  stm32f4xx_hal_spi.o(i.HAL_SPI_Init)
    i.HAL_SPI_MspInit                        0x08001ce4   Section        0  spi.o(i.HAL_SPI_MspInit)
    i.HAL_SPI_TransmitReceive                0x08001db4   Section        0  stm32f4xx_hal_spi.o(i.HAL_SPI_TransmitReceive)
    i.HAL_SYSTICK_Config                     0x08001f7e   Section        0  stm32f4xx_hal_cortex.o(i.HAL_SYSTICK_Config)
    i.HAL_TIMEx_BreakCallback                0x08001fa6   Section        0  stm32f4xx_hal_tim_ex.o(i.HAL_TIMEx_BreakCallback)
    i.HAL_TIMEx_CommutationCallback          0x08001fa8   Section        0  stm32f4xx_hal_tim_ex.o(i.HAL_TIMEx_CommutationCallback)
    i.HAL_TIMEx_MasterConfigSynchronization  0x08001faa   Section        0  stm32f4xx_hal_tim_ex.o(i.HAL_TIMEx_MasterConfigSynchronization)
    i.HAL_TIM_Base_Init                      0x08001ffa   Section        0  stm32f4xx_hal_tim.o(i.HAL_TIM_Base_Init)
    i.HAL_TIM_Base_MspInit                   0x08002030   Section        0  tim.o(i.HAL_TIM_Base_MspInit)
    i.HAL_TIM_Base_Start_IT                  0x080020cc   Section        0  stm32f4xx_hal_tim.o(i.HAL_TIM_Base_Start_IT)
    i.HAL_TIM_ConfigClockSource              0x080020e4   Section        0  stm32f4xx_hal_tim.o(i.HAL_TIM_ConfigClockSource)
    i.HAL_TIM_Encoder_Init                   0x080021d4   Section        0  stm32f4xx_hal_tim.o(i.HAL_TIM_Encoder_Init)
    i.HAL_TIM_Encoder_MspInit                0x0800226c   Section        0  tim.o(i.HAL_TIM_Encoder_MspInit)
    i.HAL_TIM_Encoder_Start                  0x08002334   Section        0  stm32f4xx_hal_tim.o(i.HAL_TIM_Encoder_Start)
    i.HAL_TIM_IC_CaptureCallback             0x08002366   Section        0  stm32f4xx_hal_tim.o(i.HAL_TIM_IC_CaptureCallback)
    i.HAL_TIM_IRQHandler                     0x08002368   Section        0  stm32f4xx_hal_tim.o(i.HAL_TIM_IRQHandler)
    i.HAL_TIM_MspPostInit                    0x080024d0   Section        0  tim.o(i.HAL_TIM_MspPostInit)
    i.HAL_TIM_OC_DelayElapsedCallback        0x0800254c   Section        0  stm32f4xx_hal_tim.o(i.HAL_TIM_OC_DelayElapsedCallback)
    i.HAL_TIM_PWM_ConfigChannel              0x0800254e   Section        0  stm32f4xx_hal_tim.o(i.HAL_TIM_PWM_ConfigChannel)
    i.HAL_TIM_PWM_Init                       0x0800261e   Section        0  stm32f4xx_hal_tim.o(i.HAL_TIM_PWM_Init)
    i.HAL_TIM_PWM_MspInit                    0x08002654   Section        0  tim.o(i.HAL_TIM_PWM_MspInit)
    i.HAL_TIM_PWM_PulseFinishedCallback      0x08002694   Section        0  stm32f4xx_hal_tim.o(i.HAL_TIM_PWM_PulseFinishedCallback)
    i.HAL_TIM_PWM_Start                      0x08002698   Section        0  stm32f4xx_hal_tim.o(i.HAL_TIM_PWM_Start)
    i.HAL_TIM_PeriodElapsedCallback          0x080026d0   Section        0  robot.o(i.HAL_TIM_PeriodElapsedCallback)
    i.HAL_TIM_TriggerCallback                0x080027a4   Section        0  stm32f4xx_hal_tim.o(i.HAL_TIM_TriggerCallback)
    i.HardFault_Handler                      0x080027a6   Section        0  stm32f4xx_it.o(i.HardFault_Handler)
    i.Hardware_Init                          0x080027a8   Section        0  hardware.o(i.Hardware_Init)
    i.Hardware_Mapping                       0x080027dc   Section        0  hardware.o(i.Hardware_Mapping)
    i.Linear_Init                            0x08002894   Section        0  linear.o(i.Linear_Init)
    i.MX_CRC_Init                            0x08002914   Section        0  crc.o(i.MX_CRC_Init)
    i.MX_GPIO_Init                           0x08002938   Section        0  gpio.o(i.MX_GPIO_Init)
    i.MX_SPI2_Init                           0x08002a70   Section        0  spi.o(i.MX_SPI2_Init)
    i.MX_SPI5_Init                           0x08002ab4   Section        0  spi.o(i.MX_SPI5_Init)
    i.MX_TIM1_Init                           0x08002afc   Section        0  tim.o(i.MX_TIM1_Init)
    i.MX_TIM2_Init                           0x08002b60   Section        0  tim.o(i.MX_TIM2_Init)
    i.MX_TIM3_Init                           0x08002bc8   Section        0  tim.o(i.MX_TIM3_Init)
    i.MX_TIM4_Init                           0x08002c34   Section        0  tim.o(i.MX_TIM4_Init)
    i.MX_TIM5_Init                           0x08002ca0   Section        0  tim.o(i.MX_TIM5_Init)
    i.MX_TIM8_Init                           0x08002d0c   Section        0  tim.o(i.MX_TIM8_Init)
    i.MX_TIM9_Init                           0x08002d74   Section        0  tim.o(i.MX_TIM9_Init)
    i.MemManage_Handler                      0x08002dc0   Section        0  stm32f4xx_it.o(i.MemManage_Handler)
    i.MonsterMotor_Init                      0x08002dc2   Section        0  hardware.o(i.MonsterMotor_Init)
    i.MonsterMotor_Write                     0x08002ddc   Section        0  hardware.o(i.MonsterMotor_Write)
    i.MotorControl_Init                      0x08002e94   Section        0  motorcontrol.o(i.MotorControl_Init)
    i.NMI_Handler                            0x08002f1c   Section        0  stm32f4xx_it.o(i.NMI_Handler)
    i.NVIC_SetPriority                       0x08002f1e   Section        0  stm32f4xx_hal_cortex.o(i.NVIC_SetPriority)
    NVIC_SetPriority                         0x08002f1f   Thumb Code    32  stm32f4xx_hal_cortex.o(i.NVIC_SetPriority)
    i.PendSV_Handler                         0x08002f3e   Section        0  stm32f4xx_it.o(i.PendSV_Handler)
    i.Position_Init                          0x08002f40   Section        0  position.o(i.Position_Init)
    i.Robot_Go                               0x08002f9c   Section        0  controlsystem.o(i.Robot_Go)
    i.SPI_CheckFlag_BSY                      0x080030f4   Section        0  stm32f4xx_hal_spi.o(i.SPI_CheckFlag_BSY)
    SPI_CheckFlag_BSY                        0x080030f5   Thumb Code    32  stm32f4xx_hal_spi.o(i.SPI_CheckFlag_BSY)
    i.SPI_WaitFlagStateUntilTimeout          0x08003114   Section        0  stm32f4xx_hal_spi.o(i.SPI_WaitFlagStateUntilTimeout)
    SPI_WaitFlagStateUntilTimeout            0x08003115   Thumb Code   150  stm32f4xx_hal_spi.o(i.SPI_WaitFlagStateUntilTimeout)
    i.SVC_Handler                            0x080031aa   Section        0  stm32f4xx_it.o(i.SVC_Handler)
    i.Set_CommandSpeed                       0x080031ac   Section        0  motorcontrol.o(i.Set_CommandSpeed)
    i.Set_Command_Point                      0x08003204   Section        0  position.o(i.Set_Command_Point)
    i.Set_Navigate_Direction                 0x08003212   Section        0  controlsystem.o(i.Set_Navigate_Direction)
    i.Spi_Crc_Error                          0x0800321c   Section        0  hardware.o(i.Spi_Crc_Error)
    i.Spi_Init                               0x08003290   Section        0  hardware.o(i.Spi_Init)
    i.Spi_TransmitReceive                    0x0800329c   Section        0  hardware.o(i.Spi_TransmitReceive)
    i.SysTick_Handler                        0x080032ec   Section        0  stm32f4xx_it.o(i.SysTick_Handler)
    i.SystemClock_Config                     0x080032f0   Section        0  main.o(i.SystemClock_Config)
    i.SystemInit                             0x08003388   Section        0  system_stm32f4xx.o(i.SystemInit)
    i.TIM1_BRK_TIM9_IRQHandler               0x080033dc   Section        0  stm32f4xx_it.o(i.TIM1_BRK_TIM9_IRQHandler)
    i.TIM1_UP_TIM10_IRQHandler               0x080033f8   Section        0  stm32f4xx_it.o(i.TIM1_UP_TIM10_IRQHandler)
    i.TIM8_UP_TIM13_IRQHandler               0x08003404   Section        0  stm32f4xx_it.o(i.TIM8_UP_TIM13_IRQHandler)
    i.TIM_Base_SetConfig                     0x08003410   Section        0  stm32f4xx_hal_tim.o(i.TIM_Base_SetConfig)
    i.TIM_CCxChannelCmd                      0x080034d0   Section        0  stm32f4xx_hal_tim.o(i.TIM_CCxChannelCmd)
    i.TIM_ETR_SetConfig                      0x080034e6   Section        0  stm32f4xx_hal_tim.o(i.TIM_ETR_SetConfig)
    TIM_ETR_SetConfig                        0x080034e7   Thumb Code    20  stm32f4xx_hal_tim.o(i.TIM_ETR_SetConfig)
    i.TIM_ITRx_SetConfig                     0x080034fa   Section        0  stm32f4xx_hal_tim.o(i.TIM_ITRx_SetConfig)
    TIM_ITRx_SetConfig                       0x080034fb   Thumb Code    16  stm32f4xx_hal_tim.o(i.TIM_ITRx_SetConfig)
    i.TIM_OC1_SetConfig                      0x0800350c   Section        0  stm32f4xx_hal_tim.o(i.TIM_OC1_SetConfig)
    TIM_OC1_SetConfig                        0x0800350d   Thumb Code    80  stm32f4xx_hal_tim.o(i.TIM_OC1_SetConfig)
    i.TIM_OC2_SetConfig                      0x08003564   Section        0  stm32f4xx_hal_tim.o(i.TIM_OC2_SetConfig)
    i.TIM_OC3_SetConfig                      0x080035c8   Section        0  stm32f4xx_hal_tim.o(i.TIM_OC3_SetConfig)
    TIM_OC3_SetConfig                        0x080035c9   Thumb Code    88  stm32f4xx_hal_tim.o(i.TIM_OC3_SetConfig)
    i.TIM_OC4_SetConfig                      0x08003628   Section        0  stm32f4xx_hal_tim.o(i.TIM_OC4_SetConfig)
    TIM_OC4_SetConfig                        0x08003629   Thumb Code    70  stm32f4xx_hal_tim.o(i.TIM_OC4_SetConfig)
    i.TIM_TI1_ConfigInputStage               0x08003678   Section        0  stm32f4xx_hal_tim.o(i.TIM_TI1_ConfigInputStage)
    TIM_TI1_ConfigInputStage                 0x08003679   Thumb Code    34  stm32f4xx_hal_tim.o(i.TIM_TI1_ConfigInputStage)
    i.TIM_TI2_ConfigInputStage               0x0800369a   Section        0  stm32f4xx_hal_tim.o(i.TIM_TI2_ConfigInputStage)
    TIM_TI2_ConfigInputStage                 0x0800369b   Thumb Code    36  stm32f4xx_hal_tim.o(i.TIM_TI2_ConfigInputStage)
    i.Turn_Init                              0x080036c0   Section        0  turn.o(i.Turn_Init)
    i.Update_Motor_PWM                       0x0800373c   Section        0  motorcontrol.o(i.Update_Motor_PWM)
    i.Update_Motor_Speed                     0x080037f8   Section        0  motorcontrol.o(i.Update_Motor_Speed)
    i.Update_Position_Spi                    0x080038f8   Section        0  position.o(i.Update_Position_Spi)
    i.Update_Speed_Error                     0x08003944   Section        0  motorcontrol.o(i.Update_Speed_Error)
    i.UsageFault_Handler                     0x08003abc   Section        0  stm32f4xx_it.o(i.UsageFault_Handler)
    i.__ARM_fpclassify                       0x08003abe   Section        0  fpclassify.o(i.__ARM_fpclassify)
    i.__hardfp_atan                          0x08003af0   Section        0  atan.o(i.__hardfp_atan)
    i.__hardfp_atan2                         0x08003dc8   Section        0  atan2.o(i.__hardfp_atan2)
    i.__hardfp_atan2l                        0x08003fb8   Section        0  atan2l.o(i.__hardfp_atan2l)
    i.__hardfp_fabs                          0x08003fbc   Section        0  fabs.o(i.__hardfp_fabs)
    i.__hardfp_fmod                          0x08003fd0   Section        0  fmod.o(i.__hardfp_fmod)
    i.__hardfp_pow                           0x080040d8   Section        0  pow.o(i.__hardfp_pow)
    i.__hardfp_sqrt                          0x08004d28   Section        0  sqrt.o(i.__hardfp_sqrt)
    i.__kernel_poly                          0x08004da2   Section        0  poly.o(i.__kernel_poly)
    i.__mathlib_dbl_divzero                  0x08004ea0   Section        0  dunder.o(i.__mathlib_dbl_divzero)
    i.__mathlib_dbl_infnan                   0x08004ed0   Section        0  dunder.o(i.__mathlib_dbl_infnan)
    i.__mathlib_dbl_infnan2                  0x08004ee4   Section        0  dunder.o(i.__mathlib_dbl_infnan2)
    i.__mathlib_dbl_invalid                  0x08004ef8   Section        0  dunder.o(i.__mathlib_dbl_invalid)
    i.__mathlib_dbl_overflow                 0x08004f18   Section        0  dunder.o(i.__mathlib_dbl_overflow)
    i.__mathlib_dbl_underflow                0x08004f38   Section        0  dunder.o(i.__mathlib_dbl_underflow)
    i.__scatterload_copy                     0x08004f58   Section       14  handlers.o(i.__scatterload_copy)
    i.__scatterload_null                     0x08004f66   Section        2  handlers.o(i.__scatterload_null)
    i.__scatterload_zeroinit                 0x08004f68   Section       14  handlers.o(i.__scatterload_zeroinit)
    i.__set_errno                            0x08004f78   Section        0  errno.o(i.__set_errno)
    i.atan                                   0x08004f84   Section        0  atan.o(i.atan)
    i.fabs                                   0x08004f94   Section        0  fabs.o(i.fabs)
    i.main                                   0x08004fac   Section        0  main.o(i.main)
    i.motor_speed_handler                    0x08005010   Section        0  motorcontrol.o(i.motor_speed_handler)
    i.sqrt                                   0x0800502c   Section        0  sqrt.o(i.sqrt)
    .constdata                               0x0800509a   Section       16  system_stm32f4xx.o(.constdata)
    .constdata                               0x080050b0   Section      136  pow.o(.constdata)
    bp                                       0x080050b0   Data          16  pow.o(.constdata)
    dp_h                                     0x080050c0   Data          16  pow.o(.constdata)
    dp_l                                     0x080050d0   Data          16  pow.o(.constdata)
    L                                        0x080050e0   Data          48  pow.o(.constdata)
    P                                        0x08005110   Data          40  pow.o(.constdata)
    .constdata                               0x08005138   Section        8  qnan.o(.constdata)
    .constdata                               0x08005140   Section      152  atan.o(.constdata)
    atanhi                                   0x08005140   Data          32  atan.o(.constdata)
    atanlo                                   0x08005160   Data          32  atan.o(.constdata)
    aTodd                                    0x08005180   Data          40  atan.o(.constdata)
    aTeven                                   0x080051a8   Data          48  atan.o(.constdata)
    .data                                    0x20000000   Section      200  robot.o(.data)
    .data                                    0x200000c8   Section        4  main.o(.data)
    .data                                    0x200000d0   Section        8  main.o(.data)
    .data                                    0x200000d8   Section        8  main.o(.data)
    .data                                    0x200000e0   Section        8  main.o(.data)
    .data                                    0x200000e8   Section        8  crc.o(.data)
    .data                                    0x200000f0   Section        4  system_stm32f4xx.o(.data)
    .data                                    0x200000f4   Section       12  stm32f4xx_hal.o(.data)
    .data                                    0x20000100   Section        4  errno.o(.data)
    _errno                                   0x20000100   Data           4  errno.o(.data)
    .bss                                     0x20000108   Section     1128  main.o(.bss)
    .bss                                     0x20000570   Section      176  spi.o(.bss)
    .bss                                     0x20000620   Section      420  tim.o(.bss)
    STACK                                    0x200007c8   Section     1024  startup_stm32f429xx.o(STACK)

    Global Symbols

    Symbol Name                              Value     Ov Type        Size  Object(Section)

    BuildAttributes$$THM_ISAv4$E$P$D$K$B$S$7EM$VFPi3$EXTD16$VFPS$VFMA$PE$A:L22UL41UL21$X:L11$S22US41US21$IEEE1$IW$USESV6$~STKCKD$USESV7$~SHL$OTIME$ROPI$IEEEX$EBA8$MICROLIB$REQ8$PRES8$EABIv2 0x00000000   Number         0  anon$$obj.o ABSOLUTE
    __ARM_use_no_argv                        0x00000000   Number         0  main.o ABSOLUTE
    __cpp_initialize__aeabi_                  - Undefined Weak Reference
    __cxa_finalize                            - Undefined Weak Reference
    __decompress                              - Undefined Weak Reference
    _clock_init                               - Undefined Weak Reference
    _microlib_exit                            - Undefined Weak Reference
    __Vectors_Size                           0x000001ac   Number         0  startup_stm32f429xx.o ABSOLUTE
    __Vectors                                0x08000000   Data           4  startup_stm32f429xx.o(RESET)
    __Vectors_End                            0x080001ac   Data           0  startup_stm32f429xx.o(RESET)
    __main                                   0x080001ad   Thumb Code     0  entry.o(.ARM.Collect$$$$00000000)
    _main_stk                                0x080001ad   Thumb Code     0  entry2.o(.ARM.Collect$$$$00000001)
    _main_scatterload                        0x080001b1   Thumb Code     0  entry5.o(.ARM.Collect$$$$00000004)
    __main_after_scatterload                 0x080001b5   Thumb Code     0  entry5.o(.ARM.Collect$$$$00000004)
    _main_clock                              0x080001b5   Thumb Code     0  entry7b.o(.ARM.Collect$$$$00000008)
    _main_cpp_init                           0x080001b5   Thumb Code     0  entry8b.o(.ARM.Collect$$$$0000000A)
    _main_init                               0x080001b5   Thumb Code     0  entry9a.o(.ARM.Collect$$$$0000000B)
    __rt_final_cpp                           0x080001bd   Thumb Code     0  entry10a.o(.ARM.Collect$$$$0000000D)
    __rt_final_exit                          0x080001bd   Thumb Code     0  entry11a.o(.ARM.Collect$$$$0000000F)
    Reset_Handler                            0x080001c1   Thumb Code     8  startup_stm32f429xx.o(.text)
    ADC_IRQHandler                           0x080001db   Thumb Code     0  startup_stm32f429xx.o(.text)
    CAN1_RX0_IRQHandler                      0x080001db   Thumb Code     0  startup_stm32f429xx.o(.text)
    CAN1_RX1_IRQHandler                      0x080001db   Thumb Code     0  startup_stm32f429xx.o(.text)
    CAN1_SCE_IRQHandler                      0x080001db   Thumb Code     0  startup_stm32f429xx.o(.text)
    CAN1_TX_IRQHandler                       0x080001db   Thumb Code     0  startup_stm32f429xx.o(.text)
    CAN2_RX0_IRQHandler                      0x080001db   Thumb Code     0  startup_stm32f429xx.o(.text)
    CAN2_RX1_IRQHandler                      0x080001db   Thumb Code     0  startup_stm32f429xx.o(.text)
    CAN2_SCE_IRQHandler                      0x080001db   Thumb Code     0  startup_stm32f429xx.o(.text)
    CAN2_TX_IRQHandler                       0x080001db   Thumb Code     0  startup_stm32f429xx.o(.text)
    DCMI_IRQHandler                          0x080001db   Thumb Code     0  startup_stm32f429xx.o(.text)
    DMA1_Stream0_IRQHandler                  0x080001db   Thumb Code     0  startup_stm32f429xx.o(.text)
    DMA1_Stream1_IRQHandler                  0x080001db   Thumb Code     0  startup_stm32f429xx.o(.text)
    DMA1_Stream2_IRQHandler                  0x080001db   Thumb Code     0  startup_stm32f429xx.o(.text)
    DMA1_Stream3_IRQHandler                  0x080001db   Thumb Code     0  startup_stm32f429xx.o(.text)
    DMA1_Stream4_IRQHandler                  0x080001db   Thumb Code     0  startup_stm32f429xx.o(.text)
    DMA1_Stream5_IRQHandler                  0x080001db   Thumb Code     0  startup_stm32f429xx.o(.text)
    DMA1_Stream6_IRQHandler                  0x080001db   Thumb Code     0  startup_stm32f429xx.o(.text)
    DMA1_Stream7_IRQHandler                  0x080001db   Thumb Code     0  startup_stm32f429xx.o(.text)
    DMA2D_IRQHandler                         0x080001db   Thumb Code     0  startup_stm32f429xx.o(.text)
    DMA2_Stream0_IRQHandler                  0x080001db   Thumb Code     0  startup_stm32f429xx.o(.text)
    DMA2_Stream1_IRQHandler                  0x080001db   Thumb Code     0  startup_stm32f429xx.o(.text)
    DMA2_Stream2_IRQHandler                  0x080001db   Thumb Code     0  startup_stm32f429xx.o(.text)
    DMA2_Stream3_IRQHandler                  0x080001db   Thumb Code     0  startup_stm32f429xx.o(.text)
    DMA2_Stream4_IRQHandler                  0x080001db   Thumb Code     0  startup_stm32f429xx.o(.text)
    DMA2_Stream5_IRQHandler                  0x080001db   Thumb Code     0  startup_stm32f429xx.o(.text)
    DMA2_Stream6_IRQHandler                  0x080001db   Thumb Code     0  startup_stm32f429xx.o(.text)
    DMA2_Stream7_IRQHandler                  0x080001db   Thumb Code     0  startup_stm32f429xx.o(.text)
    ETH_IRQHandler                           0x080001db   Thumb Code     0  startup_stm32f429xx.o(.text)
    ETH_WKUP_IRQHandler                      0x080001db   Thumb Code     0  startup_stm32f429xx.o(.text)
    EXTI0_IRQHandler                         0x080001db   Thumb Code     0  startup_stm32f429xx.o(.text)
    EXTI15_10_IRQHandler                     0x080001db   Thumb Code     0  startup_stm32f429xx.o(.text)
    EXTI1_IRQHandler                         0x080001db   Thumb Code     0  startup_stm32f429xx.o(.text)
    EXTI2_IRQHandler                         0x080001db   Thumb Code     0  startup_stm32f429xx.o(.text)
    EXTI3_IRQHandler                         0x080001db   Thumb Code     0  startup_stm32f429xx.o(.text)
    EXTI4_IRQHandler                         0x080001db   Thumb Code     0  startup_stm32f429xx.o(.text)
    EXTI9_5_IRQHandler                       0x080001db   Thumb Code     0  startup_stm32f429xx.o(.text)
    FLASH_IRQHandler                         0x080001db   Thumb Code     0  startup_stm32f429xx.o(.text)
    FMC_IRQHandler                           0x080001db   Thumb Code     0  startup_stm32f429xx.o(.text)
    FPU_IRQHandler                           0x080001db   Thumb Code     0  startup_stm32f429xx.o(.text)
    HASH_RNG_IRQHandler                      0x080001db   Thumb Code     0  startup_stm32f429xx.o(.text)
    I2C1_ER_IRQHandler                       0x080001db   Thumb Code     0  startup_stm32f429xx.o(.text)
    I2C1_EV_IRQHandler                       0x080001db   Thumb Code     0  startup_stm32f429xx.o(.text)
    I2C2_ER_IRQHandler                       0x080001db   Thumb Code     0  startup_stm32f429xx.o(.text)
    I2C2_EV_IRQHandler                       0x080001db   Thumb Code     0  startup_stm32f429xx.o(.text)
    I2C3_ER_IRQHandler                       0x080001db   Thumb Code     0  startup_stm32f429xx.o(.text)
    I2C3_EV_IRQHandler                       0x080001db   Thumb Code     0  startup_stm32f429xx.o(.text)
    LTDC_ER_IRQHandler                       0x080001db   Thumb Code     0  startup_stm32f429xx.o(.text)
    LTDC_IRQHandler                          0x080001db   Thumb Code     0  startup_stm32f429xx.o(.text)
    OTG_FS_IRQHandler                        0x080001db   Thumb Code     0  startup_stm32f429xx.o(.text)
    OTG_FS_WKUP_IRQHandler                   0x080001db   Thumb Code     0  startup_stm32f429xx.o(.text)
    OTG_HS_EP1_IN_IRQHandler                 0x080001db   Thumb Code     0  startup_stm32f429xx.o(.text)
    OTG_HS_EP1_OUT_IRQHandler                0x080001db   Thumb Code     0  startup_stm32f429xx.o(.text)
    OTG_HS_IRQHandler                        0x080001db   Thumb Code     0  startup_stm32f429xx.o(.text)
    OTG_HS_WKUP_IRQHandler                   0x080001db   Thumb Code     0  startup_stm32f429xx.o(.text)
    PVD_IRQHandler                           0x080001db   Thumb Code     0  startup_stm32f429xx.o(.text)
    RCC_IRQHandler                           0x080001db   Thumb Code     0  startup_stm32f429xx.o(.text)
    RTC_Alarm_IRQHandler                     0x080001db   Thumb Code     0  startup_stm32f429xx.o(.text)
    RTC_WKUP_IRQHandler                      0x080001db   Thumb Code     0  startup_stm32f429xx.o(.text)
    SAI1_IRQHandler                          0x080001db   Thumb Code     0  startup_stm32f429xx.o(.text)
    SDIO_IRQHandler                          0x080001db   Thumb Code     0  startup_stm32f429xx.o(.text)
    SPI1_IRQHandler                          0x080001db   Thumb Code     0  startup_stm32f429xx.o(.text)
    SPI2_IRQHandler                          0x080001db   Thumb Code     0  startup_stm32f429xx.o(.text)
    SPI3_IRQHandler                          0x080001db   Thumb Code     0  startup_stm32f429xx.o(.text)
    SPI4_IRQHandler                          0x080001db   Thumb Code     0  startup_stm32f429xx.o(.text)
    SPI5_IRQHandler                          0x080001db   Thumb Code     0  startup_stm32f429xx.o(.text)
    SPI6_IRQHandler                          0x080001db   Thumb Code     0  startup_stm32f429xx.o(.text)
    TAMP_STAMP_IRQHandler                    0x080001db   Thumb Code     0  startup_stm32f429xx.o(.text)
    TIM1_CC_IRQHandler                       0x080001db   Thumb Code     0  startup_stm32f429xx.o(.text)
    TIM1_TRG_COM_TIM11_IRQHandler            0x080001db   Thumb Code     0  startup_stm32f429xx.o(.text)
    TIM2_IRQHandler                          0x080001db   Thumb Code     0  startup_stm32f429xx.o(.text)
    TIM3_IRQHandler                          0x080001db   Thumb Code     0  startup_stm32f429xx.o(.text)
    TIM4_IRQHandler                          0x080001db   Thumb Code     0  startup_stm32f429xx.o(.text)
    TIM5_IRQHandler                          0x080001db   Thumb Code     0  startup_stm32f429xx.o(.text)
    TIM6_DAC_IRQHandler                      0x080001db   Thumb Code     0  startup_stm32f429xx.o(.text)
    TIM7_IRQHandler                          0x080001db   Thumb Code     0  startup_stm32f429xx.o(.text)
    TIM8_BRK_TIM12_IRQHandler                0x080001db   Thumb Code     0  startup_stm32f429xx.o(.text)
    TIM8_CC_IRQHandler                       0x080001db   Thumb Code     0  startup_stm32f429xx.o(.text)
    TIM8_TRG_COM_TIM14_IRQHandler            0x080001db   Thumb Code     0  startup_stm32f429xx.o(.text)
    UART4_IRQHandler                         0x080001db   Thumb Code     0  startup_stm32f429xx.o(.text)
    UART5_IRQHandler                         0x080001db   Thumb Code     0  startup_stm32f429xx.o(.text)
    UART7_IRQHandler                         0x080001db   Thumb Code     0  startup_stm32f429xx.o(.text)
    UART8_IRQHandler                         0x080001db   Thumb Code     0  startup_stm32f429xx.o(.text)
    USART1_IRQHandler                        0x080001db   Thumb Code     0  startup_stm32f429xx.o(.text)
    USART2_IRQHandler                        0x080001db   Thumb Code     0  startup_stm32f429xx.o(.text)
    USART3_IRQHandler                        0x080001db   Thumb Code     0  startup_stm32f429xx.o(.text)
    USART6_IRQHandler                        0x080001db   Thumb Code     0  startup_stm32f429xx.o(.text)
    WWDG_IRQHandler                          0x080001db   Thumb Code     0  startup_stm32f429xx.o(.text)
    __aeabi_uldivmod                         0x080001e5   Thumb Code    98  uldiv.o(.text)
    __aeabi_memset                           0x08000247   Thumb Code    14  memseta.o(.text)
    __aeabi_memset4                          0x08000247   Thumb Code     0  memseta.o(.text)
    __aeabi_memset8                          0x08000247   Thumb Code     0  memseta.o(.text)
    __aeabi_memclr                           0x08000255   Thumb Code     4  memseta.o(.text)
    __aeabi_memclr4                          0x08000255   Thumb Code     0  memseta.o(.text)
    __aeabi_memclr8                          0x08000255   Thumb Code     0  memseta.o(.text)
    _memset$wrapper                          0x08000259   Thumb Code    18  memseta.o(.text)
    __aeabi_dadd                             0x0800026b   Thumb Code   322  dadd.o(.text)
    __aeabi_dsub                             0x080003ad   Thumb Code     6  dadd.o(.text)
    __aeabi_drsub                            0x080003b3   Thumb Code     6  dadd.o(.text)
    __aeabi_dmul                             0x080003b9   Thumb Code   228  dmul.o(.text)
    __aeabi_ddiv                             0x0800049d   Thumb Code   222  ddiv.o(.text)
    __aeabi_i2d                              0x0800057b   Thumb Code    34  dflti.o(.text)
    __aeabi_d2uiz                            0x0800059d   Thumb Code    50  dfixui.o(.text)
    __aeabi_cdcmpeq                          0x080005d1   Thumb Code     0  cdcmple.o(.text)
    __aeabi_cdcmple                          0x080005d1   Thumb Code    48  cdcmple.o(.text)
    __aeabi_cdrcmple                         0x08000601   Thumb Code    48  cdrcmple.o(.text)
    __aeabi_llsl                             0x08000631   Thumb Code    30  llshl.o(.text)
    _ll_shift_l                              0x08000631   Thumb Code     0  llshl.o(.text)
    __aeabi_llsr                             0x0800064f   Thumb Code    32  llushr.o(.text)
    _ll_ushift_r                             0x0800064f   Thumb Code     0  llushr.o(.text)
    __aeabi_lasr                             0x0800066f   Thumb Code    36  llsshr.o(.text)
    _ll_sshift_r                             0x0800066f   Thumb Code     0  llsshr.o(.text)
    __I$use$fp                               0x08000693   Thumb Code     0  iusefp.o(.text)
    _double_round                            0x08000693   Thumb Code    30  depilogue.o(.text)
    _double_epilogue                         0x080006b1   Thumb Code   156  depilogue.o(.text)
    __ARM_scalbn                             0x0800074d   Thumb Code    46  dscalb.o(.text)
    scalbn                                   0x0800074d   Thumb Code     0  dscalb.o(.text)
    _dsqrt                                   0x0800077b   Thumb Code   162  dsqrt.o(.text)
    _drem                                    0x0800081d   Thumb Code   134  drem.o(.text)
    __scatterload                            0x080008a5   Thumb Code    28  init.o(.text)
    __scatterload_rt2                        0x080008a5   Thumb Code     0  init.o(.text)
    BusFault_Handler                         0x080008c9   Thumb Code     2  stm32f4xx_it.o(i.BusFault_Handler)
    Calculate_Linear_Omega                   0x080008cd   Thumb Code   362  linear.o(i.Calculate_Linear_Omega)
    Calculate_Turn_Omega                     0x08000a51   Thumb Code   626  turn.o(i.Calculate_Turn_Omega)
    Check_NavigateComplete                   0x08000ce5   Thumb Code    96  controlsystem.o(i.Check_NavigateComplete)
    ControlSystem_Init                       0x08000d4d   Thumb Code    78  controlsystem.o(i.ControlSystem_Init)
    DebugMon_Handler                         0x08000da5   Thumb Code     2  stm32f4xx_it.o(i.DebugMon_Handler)
    Encoder_Init_16bit                       0x08000da7   Thumb Code    32  hardware.o(i.Encoder_Init_16bit)
    Encoder_Read                             0x08000dc7   Thumb Code    12  hardware.o(i.Encoder_Read)
    Error_Handler                            0x08000dd3   Thumb Code     2  main.o(i.Error_Handler)
    Get_Linear_DistanceError                 0x08000dd5   Thumb Code   120  linear.o(i.Get_Linear_DistanceError)
    Get_Linear_LinearSpeed                   0x08000e55   Thumb Code   604  linear.o(i.Get_Linear_LinearSpeed)
    Get_Linear_ThetaError                    0x080010d1   Thumb Code   280  linear.o(i.Get_Linear_ThetaError)
    Get_Linear_TurnSpeed                     0x08001219   Thumb Code   138  linear.o(i.Get_Linear_TurnSpeed)
    Get_Turn_ThetaError                      0x080012bd   Thumb Code    78  turn.o(i.Get_Turn_ThetaError)
    Get_Turn_TurnSpeed                       0x0800131d   Thumb Code   110  turn.o(i.Get_Turn_TurnSpeed)
    HAL_CRC_Calculate                        0x0800139d   Thumb Code    60  stm32f4xx_hal_crc.o(i.HAL_CRC_Calculate)
    HAL_CRC_Init                             0x080013d9   Thumb Code    38  stm32f4xx_hal_crc.o(i.HAL_CRC_Init)
    HAL_CRC_MspInit                          0x08001401   Thumb Code    30  crc.o(i.HAL_CRC_MspInit)
    HAL_GPIO_Init                            0x08001429   Thumb Code   422  stm32f4xx_hal_gpio.o(i.HAL_GPIO_Init)
    HAL_GPIO_WritePin                        0x08001605   Thumb Code    10  stm32f4xx_hal_gpio.o(i.HAL_GPIO_WritePin)
    HAL_GetTick                              0x08001611   Thumb Code     6  stm32f4xx_hal.o(i.HAL_GetTick)
    HAL_IncTick                              0x0800161d   Thumb Code    12  stm32f4xx_hal.o(i.HAL_IncTick)
    HAL_Init                                 0x0800162d   Thumb Code    48  stm32f4xx_hal.o(i.HAL_Init)
    HAL_InitTick                             0x08001661   Thumb Code    54  stm32f4xx_hal.o(i.HAL_InitTick)
    HAL_MspInit                              0x080016a1   Thumb Code    48  stm32f4xx_hal_msp.o(i.HAL_MspInit)
    HAL_NVIC_EnableIRQ                       0x080016d5   Thumb Code    22  stm32f4xx_hal_cortex.o(i.HAL_NVIC_EnableIRQ)
    HAL_NVIC_SetPriority                     0x080016ed   Thumb Code    60  stm32f4xx_hal_cortex.o(i.HAL_NVIC_SetPriority)
    HAL_NVIC_SetPriorityGrouping             0x0800172d   Thumb Code    26  stm32f4xx_hal_cortex.o(i.HAL_NVIC_SetPriorityGrouping)
    HAL_PWREx_EnableOverDrive                0x08001751   Thumb Code   100  stm32f4xx_hal_pwr_ex.o(i.HAL_PWREx_EnableOverDrive)
    HAL_RCC_ClockConfig                      0x080017c1   Thumb Code   286  stm32f4xx_hal_rcc.o(i.HAL_RCC_ClockConfig)
    HAL_RCC_GetSysClockFreq                  0x080018f1   Thumb Code    88  stm32f4xx_hal_rcc.o(i.HAL_RCC_GetSysClockFreq)
    HAL_RCC_OscConfig                        0x08001951   Thumb Code   766  stm32f4xx_hal_rcc.o(i.HAL_RCC_OscConfig)
    HAL_SPI_Init                             0x08001c65   Thumb Code   128  stm32f4xx_hal_spi.o(i.HAL_SPI_Init)
    HAL_SPI_MspInit                          0x08001ce5   Thumb Code   184  spi.o(i.HAL_SPI_MspInit)
    HAL_SPI_TransmitReceive                  0x08001db5   Thumb Code   458  stm32f4xx_hal_spi.o(i.HAL_SPI_TransmitReceive)
    HAL_SYSTICK_Config                       0x08001f7f   Thumb Code    40  stm32f4xx_hal_cortex.o(i.HAL_SYSTICK_Config)
    HAL_TIMEx_BreakCallback                  0x08001fa7   Thumb Code     2  stm32f4xx_hal_tim_ex.o(i.HAL_TIMEx_BreakCallback)
    HAL_TIMEx_CommutationCallback            0x08001fa9   Thumb Code     2  stm32f4xx_hal_tim_ex.o(i.HAL_TIMEx_CommutationCallback)
    HAL_TIMEx_MasterConfigSynchronization    0x08001fab   Thumb Code    80  stm32f4xx_hal_tim_ex.o(i.HAL_TIMEx_MasterConfigSynchronization)
    HAL_TIM_Base_Init                        0x08001ffb   Thumb Code    54  stm32f4xx_hal_tim.o(i.HAL_TIM_Base_Init)
    HAL_TIM_Base_MspInit                     0x08002031   Thumb Code   138  tim.o(i.HAL_TIM_Base_MspInit)
    HAL_TIM_Base_Start_IT                    0x080020cd   Thumb Code    24  stm32f4xx_hal_tim.o(i.HAL_TIM_Base_Start_IT)
    HAL_TIM_ConfigClockSource                0x080020e5   Thumb Code   240  stm32f4xx_hal_tim.o(i.HAL_TIM_ConfigClockSource)
    HAL_TIM_Encoder_Init                     0x080021d5   Thumb Code   150  stm32f4xx_hal_tim.o(i.HAL_TIM_Encoder_Init)
    HAL_TIM_Encoder_MspInit                  0x0800226d   Thumb Code   182  tim.o(i.HAL_TIM_Encoder_MspInit)
    HAL_TIM_Encoder_Start                    0x08002335   Thumb Code    50  stm32f4xx_hal_tim.o(i.HAL_TIM_Encoder_Start)
    HAL_TIM_IC_CaptureCallback               0x08002367   Thumb Code     2  stm32f4xx_hal_tim.o(i.HAL_TIM_IC_CaptureCallback)
    HAL_TIM_IRQHandler                       0x08002369   Thumb Code   358  stm32f4xx_hal_tim.o(i.HAL_TIM_IRQHandler)
    HAL_TIM_MspPostInit                      0x080024d1   Thumb Code   104  tim.o(i.HAL_TIM_MspPostInit)
    HAL_TIM_OC_DelayElapsedCallback          0x0800254d   Thumb Code     2  stm32f4xx_hal_tim.o(i.HAL_TIM_OC_DelayElapsedCallback)
    HAL_TIM_PWM_ConfigChannel                0x0800254f   Thumb Code   208  stm32f4xx_hal_tim.o(i.HAL_TIM_PWM_ConfigChannel)
    HAL_TIM_PWM_Init                         0x0800261f   Thumb Code    54  stm32f4xx_hal_tim.o(i.HAL_TIM_PWM_Init)
    HAL_TIM_PWM_MspInit                      0x08002655   Thumb Code    52  tim.o(i.HAL_TIM_PWM_MspInit)
    HAL_TIM_PWM_PulseFinishedCallback        0x08002695   Thumb Code     2  stm32f4xx_hal_tim.o(i.HAL_TIM_PWM_PulseFinishedCallback)
    HAL_TIM_PWM_Start                        0x08002699   Thumb Code    48  stm32f4xx_hal_tim.o(i.HAL_TIM_PWM_Start)
    HAL_TIM_PeriodElapsedCallback            0x080026d1   Thumb Code   180  robot.o(i.HAL_TIM_PeriodElapsedCallback)
    HAL_TIM_TriggerCallback                  0x080027a5   Thumb Code     2  stm32f4xx_hal_tim.o(i.HAL_TIM_TriggerCallback)
    HardFault_Handler                        0x080027a7   Thumb Code     2  stm32f4xx_it.o(i.HardFault_Handler)
    Hardware_Init                            0x080027a9   Thumb Code    50  hardware.o(i.Hardware_Init)
    Hardware_Mapping                         0x080027dd   Thumb Code   132  hardware.o(i.Hardware_Mapping)
    Linear_Init                              0x08002895   Thumb Code    72  linear.o(i.Linear_Init)
    MX_CRC_Init                              0x08002915   Thumb Code    28  crc.o(i.MX_CRC_Init)
    MX_GPIO_Init                             0x08002939   Thumb Code   286  gpio.o(i.MX_GPIO_Init)
    MX_SPI2_Init                             0x08002a71   Thumb Code    60  spi.o(i.MX_SPI2_Init)
    MX_SPI5_Init                             0x08002ab5   Thumb Code    62  spi.o(i.MX_SPI5_Init)
    MX_TIM1_Init                             0x08002afd   Thumb Code    92  tim.o(i.MX_TIM1_Init)
    MX_TIM2_Init                             0x08002b61   Thumb Code   100  tim.o(i.MX_TIM2_Init)
    MX_TIM3_Init                             0x08002bc9   Thumb Code   100  tim.o(i.MX_TIM3_Init)
    MX_TIM4_Init                             0x08002c35   Thumb Code   100  tim.o(i.MX_TIM4_Init)
    MX_TIM5_Init                             0x08002ca1   Thumb Code    98  tim.o(i.MX_TIM5_Init)
    MX_TIM8_Init                             0x08002d0d   Thumb Code    96  tim.o(i.MX_TIM8_Init)
    MX_TIM9_Init                             0x08002d75   Thumb Code    68  tim.o(i.MX_TIM9_Init)
    MemManage_Handler                        0x08002dc1   Thumb Code     2  stm32f4xx_it.o(i.MemManage_Handler)
    MonsterMotor_Init                        0x08002dc3   Thumb Code    24  hardware.o(i.MonsterMotor_Init)
    MonsterMotor_Write                       0x08002ddd   Thumb Code   158  hardware.o(i.MonsterMotor_Write)
    MotorControl_Init                        0x08002e95   Thumb Code    94  motorcontrol.o(i.MotorControl_Init)
    NMI_Handler                              0x08002f1d   Thumb Code     2  stm32f4xx_it.o(i.NMI_Handler)
    PendSV_Handler                           0x08002f3f   Thumb Code     2  stm32f4xx_it.o(i.PendSV_Handler)
    Position_Init                            0x08002f41   Thumb Code    68  position.o(i.Position_Init)
    Robot_Go                                 0x08002f9d   Thumb Code   334  controlsystem.o(i.Robot_Go)
    SVC_Handler                              0x080031ab   Thumb Code     2  stm32f4xx_it.o(i.SVC_Handler)
    Set_CommandSpeed                         0x080031ad   Thumb Code    88  motorcontrol.o(i.Set_CommandSpeed)
    Set_Command_Point                        0x08003205   Thumb Code    14  position.o(i.Set_Command_Point)
    Set_Navigate_Direction                   0x08003213   Thumb Code    10  controlsystem.o(i.Set_Navigate_Direction)
    Spi_Crc_Error                            0x0800321d   Thumb Code   112  hardware.o(i.Spi_Crc_Error)
    Spi_Init                                 0x08003291   Thumb Code    10  hardware.o(i.Spi_Init)
    Spi_TransmitReceive                      0x0800329d   Thumb Code    74  hardware.o(i.Spi_TransmitReceive)
    SysTick_Handler                          0x080032ed   Thumb Code     4  stm32f4xx_it.o(i.SysTick_Handler)
    SystemClock_Config                       0x080032f1   Thumb Code   144  main.o(i.SystemClock_Config)
    SystemInit                               0x08003389   Thumb Code    66  system_stm32f4xx.o(i.SystemInit)
    TIM1_BRK_TIM9_IRQHandler                 0x080033dd   Thumb Code    18  stm32f4xx_it.o(i.TIM1_BRK_TIM9_IRQHandler)
    TIM1_UP_TIM10_IRQHandler                 0x080033f9   Thumb Code     6  stm32f4xx_it.o(i.TIM1_UP_TIM10_IRQHandler)
    TIM8_UP_TIM13_IRQHandler                 0x08003405   Thumb Code     6  stm32f4xx_it.o(i.TIM8_UP_TIM13_IRQHandler)
    TIM_Base_SetConfig                       0x08003411   Thumb Code   148  stm32f4xx_hal_tim.o(i.TIM_Base_SetConfig)
    TIM_CCxChannelCmd                        0x080034d1   Thumb Code    22  stm32f4xx_hal_tim.o(i.TIM_CCxChannelCmd)
    TIM_OC2_SetConfig                        0x08003565   Thumb Code    90  stm32f4xx_hal_tim.o(i.TIM_OC2_SetConfig)
    Turn_Init                                0x080036c1   Thumb Code    66  turn.o(i.Turn_Init)
    Update_Motor_PWM                         0x0800373d   Thumb Code   188  motorcontrol.o(i.Update_Motor_PWM)
    Update_Motor_Speed                       0x080037f9   Thumb Code   232  motorcontrol.o(i.Update_Motor_Speed)
    Update_Position_Spi                      0x080038f9   Thumb Code    74  position.o(i.Update_Position_Spi)
    Update_Speed_Error                       0x08003945   Thumb Code   358  motorcontrol.o(i.Update_Speed_Error)
    UsageFault_Handler                       0x08003abd   Thumb Code     2  stm32f4xx_it.o(i.UsageFault_Handler)
    __ARM_fpclassify                         0x08003abf   Thumb Code    48  fpclassify.o(i.__ARM_fpclassify)
    __hardfp_atan                            0x08003af1   Thumb Code   622  atan.o(i.__hardfp_atan)
    __hardfp_atan2                           0x08003dc9   Thumb Code   432  atan2.o(i.__hardfp_atan2)
    __hardfp_atan2l                          0x08003fb9   Thumb Code     4  atan2l.o(i.__hardfp_atan2l)
    __hardfp_fabs                            0x08003fbd   Thumb Code    20  fabs.o(i.__hardfp_fabs)
    __hardfp_fmod                            0x08003fd1   Thumb Code   254  fmod.o(i.__hardfp_fmod)
    __hardfp_pow                             0x080040d9   Thumb Code  3072  pow.o(i.__hardfp_pow)
    __hardfp_sqrt                            0x08004d29   Thumb Code   122  sqrt.o(i.__hardfp_sqrt)
    __kernel_poly                            0x08004da3   Thumb Code   248  poly.o(i.__kernel_poly)
    __mathlib_dbl_divzero                    0x08004ea1   Thumb Code    28  dunder.o(i.__mathlib_dbl_divzero)
    __mathlib_dbl_infnan                     0x08004ed1   Thumb Code    20  dunder.o(i.__mathlib_dbl_infnan)
    __mathlib_dbl_infnan2                    0x08004ee5   Thumb Code    20  dunder.o(i.__mathlib_dbl_infnan2)
    __mathlib_dbl_invalid                    0x08004ef9   Thumb Code    24  dunder.o(i.__mathlib_dbl_invalid)
    __mathlib_dbl_overflow                   0x08004f19   Thumb Code    24  dunder.o(i.__mathlib_dbl_overflow)
    __mathlib_dbl_underflow                  0x08004f39   Thumb Code    24  dunder.o(i.__mathlib_dbl_underflow)
    __scatterload_copy                       0x08004f59   Thumb Code    14  handlers.o(i.__scatterload_copy)
    __scatterload_null                       0x08004f67   Thumb Code     2  handlers.o(i.__scatterload_null)
    __scatterload_zeroinit                   0x08004f69   Thumb Code    14  handlers.o(i.__scatterload_zeroinit)
    __set_errno                              0x08004f79   Thumb Code     6  errno.o(i.__set_errno)
    atan                                     0x08004f85   Thumb Code    16  atan.o(i.atan)
    fabs                                     0x08004f95   Thumb Code    24  fabs.o(i.fabs)
    main                                     0x08004fad   Thumb Code    88  main.o(i.main)
    motor_speed_handler                      0x08005011   Thumb Code    28  motorcontrol.o(i.motor_speed_handler)
    sqrt                                     0x0800502d   Thumb Code   110  sqrt.o(i.sqrt)
    AHBPrescTable                            0x0800509a   Data          16  system_stm32f4xx.o(.constdata)
    __mathlib_zero                           0x08005138   Data           8  qnan.o(.constdata)
    Region$$Table$$Base                      0x080051d8   Number         0  anon$$obj.o(Region$$Table)
    Region$$Table$$Limit                     0x080051f8   Number         0  anon$$obj.o(Region$$Table)
    test                                     0x20000000   Data         200  robot.o(.data)
    p                                        0x200000c8   Data           4  main.o(.data)
    X                                        0x200000d0   Data           8  main.o(.data)
    Y                                        0x200000d8   Data           8  main.o(.data)
    Theta                                    0x200000e0   Data           8  main.o(.data)
    hcrc                                     0x200000e8   Data           8  crc.o(.data)
    SystemCoreClock                          0x200000f0   Data           4  system_stm32f4xx.o(.data)
    uwTickFreq                               0x200000f4   Data           1  stm32f4xx_hal.o(.data)
    uwTickPrio                               0x200000f8   Data           4  stm32f4xx_hal.o(.data)
    uwTick                                   0x200000fc   Data           4  stm32f4xx_hal.o(.data)
    eurobot2019                              0x20000108   Data        1128  main.o(.bss)
    hspi2                                    0x20000570   Data          88  spi.o(.bss)
    hspi5                                    0x200005c8   Data          88  spi.o(.bss)
    htim1                                    0x20000620   Data          60  tim.o(.bss)
    htim2                                    0x2000065c   Data          60  tim.o(.bss)
    htim3                                    0x20000698   Data          60  tim.o(.bss)
    htim4                                    0x200006d4   Data          60  tim.o(.bss)
    htim5                                    0x20000710   Data          60  tim.o(.bss)
    htim8                                    0x2000074c   Data          60  tim.o(.bss)
    htim9                                    0x20000788   Data          60  tim.o(.bss)
    __initial_sp                             0x20000bc8   Data           0  startup_stm32f429xx.o(STACK)



==============================================================================

Memory Map of the image

  Image Entry point : 0x080001ad

  Load Region LR_IROM1 (Base: 0x08000000, Size: 0x000052fc, Max: 0x00200000, ABSOLUTE)

    Execution Region ER_IROM1 (Exec base: 0x08000000, Load base: 0x08000000, Size: 0x000051f8, Max: 0x00200000, ABSOLUTE)

    Exec Addr    Load Addr    Size         Type   Attr      Idx    E Section Name        Object

    0x08000000   0x08000000   0x000001ac   Data   RO            3    RESET               startup_stm32f429xx.o
    0x080001ac   0x080001ac   0x00000000   Code   RO         3358  * .ARM.Collect$$$$00000000  mc_w.l(entry.o)
    0x080001ac   0x080001ac   0x00000004   Code   RO         3412    .ARM.Collect$$$$00000001  mc_w.l(entry2.o)
    0x080001b0   0x080001b0   0x00000004   Code   RO         3415    .ARM.Collect$$$$00000004  mc_w.l(entry5.o)
    0x080001b4   0x080001b4   0x00000000   Code   RO         3417    .ARM.Collect$$$$00000008  mc_w.l(entry7b.o)
    0x080001b4   0x080001b4   0x00000000   Code   RO         3419    .ARM.Collect$$$$0000000A  mc_w.l(entry8b.o)
    0x080001b4   0x080001b4   0x00000008   Code   RO         3420    .ARM.Collect$$$$0000000B  mc_w.l(entry9a.o)
    0x080001bc   0x080001bc   0x00000000   Code   RO         3422    .ARM.Collect$$$$0000000D  mc_w.l(entry10a.o)
    0x080001bc   0x080001bc   0x00000000   Code   RO         3424    .ARM.Collect$$$$0000000F  mc_w.l(entry11a.o)
    0x080001bc   0x080001bc   0x00000004   Code   RO         3413    .ARM.Collect$$$$00002712  mc_w.l(entry2.o)
    0x080001c0   0x080001c0   0x00000024   Code   RO            4    .text               startup_stm32f429xx.o
    0x080001e4   0x080001e4   0x00000062   Code   RO         3361    .text               mc_w.l(uldiv.o)
    0x08000246   0x08000246   0x00000024   Code   RO         3363    .text               mc_w.l(memseta.o)
    0x0800026a   0x0800026a   0x0000014e   Code   RO         3365    .text               mf_w.l(dadd.o)
    0x080003b8   0x080003b8   0x000000e4   Code   RO         3367    .text               mf_w.l(dmul.o)
    0x0800049c   0x0800049c   0x000000de   Code   RO         3369    .text               mf_w.l(ddiv.o)
    0x0800057a   0x0800057a   0x00000022   Code   RO         3373    .text               mf_w.l(dflti.o)
    0x0800059c   0x0800059c   0x00000032   Code   RO         3375    .text               mf_w.l(dfixui.o)
    0x080005ce   0x080005ce   0x00000002   PAD
    0x080005d0   0x080005d0   0x00000030   Code   RO         3377    .text               mf_w.l(cdcmple.o)
    0x08000600   0x08000600   0x00000030   Code   RO         3379    .text               mf_w.l(cdrcmple.o)
    0x08000630   0x08000630   0x0000001e   Code   RO         3426    .text               mc_w.l(llshl.o)
    0x0800064e   0x0800064e   0x00000020   Code   RO         3428    .text               mc_w.l(llushr.o)
    0x0800066e   0x0800066e   0x00000024   Code   RO         3430    .text               mc_w.l(llsshr.o)
    0x08000692   0x08000692   0x00000000   Code   RO         3439    .text               mc_w.l(iusefp.o)
    0x08000692   0x08000692   0x000000ba   Code   RO         3440    .text               mf_w.l(depilogue.o)
    0x0800074c   0x0800074c   0x0000002e   Code   RO         3442    .text               mf_w.l(dscalb.o)
    0x0800077a   0x0800077a   0x000000a2   Code   RO         3444    .text               mf_w.l(dsqrt.o)
    0x0800081c   0x0800081c   0x00000086   Code   RO         3446    .text               mf_w.l(drem.o)
    0x080008a2   0x080008a2   0x00000002   PAD
    0x080008a4   0x080008a4   0x00000024   Code   RO         3462    .text               mc_w.l(init.o)
    0x080008c8   0x080008c8   0x00000002   Code   RO          783    i.BusFault_Handler  stm32f4xx_it.o
    0x080008ca   0x080008ca   0x00000002   PAD
    0x080008cc   0x080008cc   0x00000184   Code   RO          443    i.Calculate_Linear_Omega  linear.o
    0x08000a50   0x08000a50   0x00000294   Code   RO          401    i.Calculate_Turn_Omega  turn.o
    0x08000ce4   0x08000ce4   0x00000068   Code   RO          269    i.Check_NavigateComplete  controlsystem.o
    0x08000d4c   0x08000d4c   0x00000058   Code   RO          270    i.ControlSystem_Init  controlsystem.o
    0x08000da4   0x08000da4   0x00000002   Code   RO          784    i.DebugMon_Handler  stm32f4xx_it.o
    0x08000da6   0x08000da6   0x00000020   Code   RO          187    i.Encoder_Init_16bit  hardware.o
    0x08000dc6   0x08000dc6   0x0000000c   Code   RO          189    i.Encoder_Read      hardware.o
    0x08000dd2   0x08000dd2   0x00000002   Code   RO          497    i.Error_Handler     main.o
    0x08000dd4   0x08000dd4   0x00000080   Code   RO          444    i.Get_Linear_DistanceError  linear.o
    0x08000e54   0x08000e54   0x0000027c   Code   RO          445    i.Get_Linear_LinearSpeed  linear.o
    0x080010d0   0x080010d0   0x00000148   Code   RO          446    i.Get_Linear_ThetaError  linear.o
    0x08001218   0x08001218   0x000000a4   Code   RO          447    i.Get_Linear_TurnSpeed  linear.o
    0x080012bc   0x080012bc   0x00000060   Code   RO          402    i.Get_Turn_ThetaError  turn.o
    0x0800131c   0x0800131c   0x00000080   Code   RO          403    i.Get_Turn_TurnSpeed  turn.o
    0x0800139c   0x0800139c   0x0000003c   Code   RO          940    i.HAL_CRC_Calculate  stm32f4xx_hal_crc.o
    0x080013d8   0x080013d8   0x00000026   Code   RO          943    i.HAL_CRC_Init      stm32f4xx_hal_crc.o
    0x080013fe   0x080013fe   0x00000002   PAD
    0x08001400   0x08001400   0x00000028   Code   RO          586    i.HAL_CRC_MspInit   crc.o
    0x08001428   0x08001428   0x000001dc   Code   RO         2593    i.HAL_GPIO_Init     stm32f4xx_hal_gpio.o
    0x08001604   0x08001604   0x0000000a   Code   RO         2597    i.HAL_GPIO_WritePin  stm32f4xx_hal_gpio.o
    0x0800160e   0x0800160e   0x00000002   PAD
    0x08001610   0x08001610   0x0000000c   Code   RO         3145    i.HAL_GetTick       stm32f4xx_hal.o
    0x0800161c   0x0800161c   0x00000010   Code   RO         3149    i.HAL_IncTick       stm32f4xx_hal.o
    0x0800162c   0x0800162c   0x00000034   Code   RO         3150    i.HAL_Init          stm32f4xx_hal.o
    0x08001660   0x08001660   0x00000040   Code   RO         3151    i.HAL_InitTick      stm32f4xx_hal.o
    0x080016a0   0x080016a0   0x00000034   Code   RO          877    i.HAL_MspInit       stm32f4xx_hal_msp.o
    0x080016d4   0x080016d4   0x00000016   Code   RO         3000    i.HAL_NVIC_EnableIRQ  stm32f4xx_hal_cortex.o
    0x080016ea   0x080016ea   0x00000002   PAD
    0x080016ec   0x080016ec   0x00000040   Code   RO         3006    i.HAL_NVIC_SetPriority  stm32f4xx_hal_cortex.o
    0x0800172c   0x0800172c   0x00000024   Code   RO         3007    i.HAL_NVIC_SetPriorityGrouping  stm32f4xx_hal_cortex.o
    0x08001750   0x08001750   0x00000070   Code   RO         2929    i.HAL_PWREx_EnableOverDrive  stm32f4xx_hal_pwr_ex.o
    0x080017c0   0x080017c0   0x00000130   Code   RO         2187    i.HAL_RCC_ClockConfig  stm32f4xx_hal_rcc.o
    0x080018f0   0x080018f0   0x00000060   Code   RO         2196    i.HAL_RCC_GetSysClockFreq  stm32f4xx_hal_rcc.o
    0x08001950   0x08001950   0x00000314   Code   RO         2199    i.HAL_RCC_OscConfig  stm32f4xx_hal_rcc.o
    0x08001c64   0x08001c64   0x00000080   Code   RO         1010    i.HAL_SPI_Init      stm32f4xx_hal_spi.o
    0x08001ce4   0x08001ce4   0x000000d0   Code   RO          628    i.HAL_SPI_MspInit   spi.o
    0x08001db4   0x08001db4   0x000001ca   Code   RO         1019    i.HAL_SPI_TransmitReceive  stm32f4xx_hal_spi.o
    0x08001f7e   0x08001f7e   0x00000028   Code   RO         3011    i.HAL_SYSTICK_Config  stm32f4xx_hal_cortex.o
    0x08001fa6   0x08001fa6   0x00000002   Code   RO         1947    i.HAL_TIMEx_BreakCallback  stm32f4xx_hal_tim_ex.o
    0x08001fa8   0x08001fa8   0x00000002   Code   RO         1948    i.HAL_TIMEx_CommutationCallback  stm32f4xx_hal_tim_ex.o
    0x08001faa   0x08001faa   0x00000050   Code   RO         1964    i.HAL_TIMEx_MasterConfigSynchronization  stm32f4xx_hal_tim_ex.o
    0x08001ffa   0x08001ffa   0x00000036   Code   RO         1318    i.HAL_TIM_Base_Init  stm32f4xx_hal_tim.o
    0x08002030   0x08002030   0x0000009c   Code   RO          676    i.HAL_TIM_Base_MspInit  tim.o
    0x080020cc   0x080020cc   0x00000018   Code   RO         1323    i.HAL_TIM_Base_Start_IT  stm32f4xx_hal_tim.o
    0x080020e4   0x080020e4   0x000000f0   Code   RO         1327    i.HAL_TIM_ConfigClockSource  stm32f4xx_hal_tim.o
    0x080021d4   0x080021d4   0x00000096   Code   RO         1336    i.HAL_TIM_Encoder_Init  stm32f4xx_hal_tim.o
    0x0800226a   0x0800226a   0x00000002   PAD
    0x0800226c   0x0800226c   0x000000c8   Code   RO          678    i.HAL_TIM_Encoder_MspInit  tim.o
    0x08002334   0x08002334   0x00000032   Code   RO         1339    i.HAL_TIM_Encoder_Start  stm32f4xx_hal_tim.o
    0x08002366   0x08002366   0x00000002   Code   RO         1347    i.HAL_TIM_IC_CaptureCallback  stm32f4xx_hal_tim.o
    0x08002368   0x08002368   0x00000166   Code   RO         1360    i.HAL_TIM_IRQHandler  stm32f4xx_hal_tim.o
    0x080024ce   0x080024ce   0x00000002   PAD
    0x080024d0   0x080024d0   0x0000007c   Code   RO          679    i.HAL_TIM_MspPostInit  tim.o
    0x0800254c   0x0800254c   0x00000002   Code   RO         1363    i.HAL_TIM_OC_DelayElapsedCallback  stm32f4xx_hal_tim.o
    0x0800254e   0x0800254e   0x000000d0   Code   RO         1384    i.HAL_TIM_PWM_ConfigChannel  stm32f4xx_hal_tim.o
    0x0800261e   0x0800261e   0x00000036   Code   RO         1387    i.HAL_TIM_PWM_Init  stm32f4xx_hal_tim.o
    0x08002654   0x08002654   0x00000040   Code   RO          681    i.HAL_TIM_PWM_MspInit  tim.o
    0x08002694   0x08002694   0x00000002   Code   RO         1390    i.HAL_TIM_PWM_PulseFinishedCallback  stm32f4xx_hal_tim.o
    0x08002696   0x08002696   0x00000002   PAD
    0x08002698   0x08002698   0x00000038   Code   RO         1391    i.HAL_TIM_PWM_Start  stm32f4xx_hal_tim.o
    0x080026d0   0x080026d0   0x000000d4   Code   RO           14    i.HAL_TIM_PeriodElapsedCallback  robot.o
    0x080027a4   0x080027a4   0x00000002   Code   RO         1401    i.HAL_TIM_TriggerCallback  stm32f4xx_hal_tim.o
    0x080027a6   0x080027a6   0x00000002   Code   RO          785    i.HardFault_Handler  stm32f4xx_it.o
    0x080027a8   0x080027a8   0x00000032   Code   RO          190    i.Hardware_Init     hardware.o
    0x080027da   0x080027da   0x00000002   PAD
    0x080027dc   0x080027dc   0x000000b8   Code   RO          191    i.Hardware_Mapping  hardware.o
    0x08002894   0x08002894   0x00000080   Code   RO          448    i.Linear_Init       linear.o
    0x08002914   0x08002914   0x00000024   Code   RO          587    i.MX_CRC_Init       crc.o
    0x08002938   0x08002938   0x00000138   Code   RO          561    i.MX_GPIO_Init      gpio.o
    0x08002a70   0x08002a70   0x00000044   Code   RO          629    i.MX_SPI2_Init      spi.o
    0x08002ab4   0x08002ab4   0x00000048   Code   RO          630    i.MX_SPI5_Init      spi.o
    0x08002afc   0x08002afc   0x00000064   Code   RO          682    i.MX_TIM1_Init      tim.o
    0x08002b60   0x08002b60   0x00000068   Code   RO          683    i.MX_TIM2_Init      tim.o
    0x08002bc8   0x08002bc8   0x0000006c   Code   RO          684    i.MX_TIM3_Init      tim.o
    0x08002c34   0x08002c34   0x0000006c   Code   RO          685    i.MX_TIM4_Init      tim.o
    0x08002ca0   0x08002ca0   0x0000006c   Code   RO          686    i.MX_TIM5_Init      tim.o
    0x08002d0c   0x08002d0c   0x00000068   Code   RO          687    i.MX_TIM8_Init      tim.o
    0x08002d74   0x08002d74   0x0000004c   Code   RO          688    i.MX_TIM9_Init      tim.o
    0x08002dc0   0x08002dc0   0x00000002   Code   RO          786    i.MemManage_Handler  stm32f4xx_it.o
    0x08002dc2   0x08002dc2   0x00000018   Code   RO          192    i.MonsterMotor_Init  hardware.o
    0x08002dda   0x08002dda   0x00000002   PAD
    0x08002ddc   0x08002ddc   0x000000b8   Code   RO          193    i.MonsterMotor_Write  hardware.o
    0x08002e94   0x08002e94   0x00000088   Code   RO          311    i.MotorControl_Init  motorcontrol.o
    0x08002f1c   0x08002f1c   0x00000002   Code   RO          787    i.NMI_Handler       stm32f4xx_it.o
    0x08002f1e   0x08002f1e   0x00000020   Code   RO         3013    i.NVIC_SetPriority  stm32f4xx_hal_cortex.o
    0x08002f3e   0x08002f3e   0x00000002   Code   RO          788    i.PendSV_Handler    stm32f4xx_it.o
    0x08002f40   0x08002f40   0x0000005c   Code   RO          365    i.Position_Init     position.o
    0x08002f9c   0x08002f9c   0x00000158   Code   RO          271    i.Robot_Go          controlsystem.o
    0x080030f4   0x080030f4   0x00000020   Code   RO         1034    i.SPI_CheckFlag_BSY  stm32f4xx_hal_spi.o
    0x08003114   0x08003114   0x00000096   Code   RO         1052    i.SPI_WaitFlagStateUntilTimeout  stm32f4xx_hal_spi.o
    0x080031aa   0x080031aa   0x00000002   Code   RO          789    i.SVC_Handler       stm32f4xx_it.o
    0x080031ac   0x080031ac   0x00000058   Code   RO          312    i.Set_CommandSpeed  motorcontrol.o
    0x08003204   0x08003204   0x0000000e   Code   RO          366    i.Set_Command_Point  position.o
    0x08003212   0x08003212   0x0000000a   Code   RO          272    i.Set_Navigate_Direction  controlsystem.o
    0x0800321c   0x0800321c   0x00000074   Code   RO          194    i.Spi_Crc_Error     hardware.o
    0x08003290   0x08003290   0x0000000a   Code   RO          195    i.Spi_Init          hardware.o
    0x0800329a   0x0800329a   0x00000002   PAD
    0x0800329c   0x0800329c   0x00000050   Code   RO          196    i.Spi_TransmitReceive  hardware.o
    0x080032ec   0x080032ec   0x00000004   Code   RO          790    i.SysTick_Handler   stm32f4xx_it.o
    0x080032f0   0x080032f0   0x00000098   Code   RO          498    i.SystemClock_Config  main.o
    0x08003388   0x08003388   0x00000054   Code   RO          902    i.SystemInit        system_stm32f4xx.o
    0x080033dc   0x080033dc   0x0000001c   Code   RO          791    i.TIM1_BRK_TIM9_IRQHandler  stm32f4xx_it.o
    0x080033f8   0x080033f8   0x0000000c   Code   RO          792    i.TIM1_UP_TIM10_IRQHandler  stm32f4xx_it.o
    0x08003404   0x08003404   0x0000000c   Code   RO          793    i.TIM8_UP_TIM13_IRQHandler  stm32f4xx_it.o
    0x08003410   0x08003410   0x000000c0   Code   RO         1402    i.TIM_Base_SetConfig  stm32f4xx_hal_tim.o
    0x080034d0   0x080034d0   0x00000016   Code   RO         1403    i.TIM_CCxChannelCmd  stm32f4xx_hal_tim.o
    0x080034e6   0x080034e6   0x00000014   Code   RO         1409    i.TIM_ETR_SetConfig  stm32f4xx_hal_tim.o
    0x080034fa   0x080034fa   0x00000010   Code   RO         1410    i.TIM_ITRx_SetConfig  stm32f4xx_hal_tim.o
    0x0800350a   0x0800350a   0x00000002   PAD
    0x0800350c   0x0800350c   0x00000058   Code   RO         1411    i.TIM_OC1_SetConfig  stm32f4xx_hal_tim.o
    0x08003564   0x08003564   0x00000064   Code   RO         1412    i.TIM_OC2_SetConfig  stm32f4xx_hal_tim.o
    0x080035c8   0x080035c8   0x00000060   Code   RO         1413    i.TIM_OC3_SetConfig  stm32f4xx_hal_tim.o
    0x08003628   0x08003628   0x00000050   Code   RO         1414    i.TIM_OC4_SetConfig  stm32f4xx_hal_tim.o
    0x08003678   0x08003678   0x00000022   Code   RO         1416    i.TIM_TI1_ConfigInputStage  stm32f4xx_hal_tim.o
    0x0800369a   0x0800369a   0x00000024   Code   RO         1418    i.TIM_TI2_ConfigInputStage  stm32f4xx_hal_tim.o
    0x080036be   0x080036be   0x00000002   PAD
    0x080036c0   0x080036c0   0x0000007c   Code   RO          404    i.Turn_Init         turn.o
    0x0800373c   0x0800373c   0x000000bc   Code   RO          313    i.Update_Motor_PWM  motorcontrol.o
    0x080037f8   0x080037f8   0x00000100   Code   RO          314    i.Update_Motor_Speed  motorcontrol.o
    0x080038f8   0x080038f8   0x0000004a   Code   RO          367    i.Update_Position_Spi  position.o
    0x08003942   0x08003942   0x00000002   PAD
    0x08003944   0x08003944   0x00000178   Code   RO          315    i.Update_Speed_Error  motorcontrol.o
    0x08003abc   0x08003abc   0x00000002   Code   RO          794    i.UsageFault_Handler  stm32f4xx_it.o
    0x08003abe   0x08003abe   0x00000030   Code   RO         3407    i.__ARM_fpclassify  m_wm.l(fpclassify.o)
    0x08003aee   0x08003aee   0x00000002   PAD
    0x08003af0   0x08003af0   0x000002d8   Code   RO         3448    i.__hardfp_atan     m_wm.l(atan.o)
    0x08003dc8   0x08003dc8   0x000001f0   Code   RO         3381    i.__hardfp_atan2    m_wm.l(atan2.o)
    0x08003fb8   0x08003fb8   0x00000004   Code   RO         3354    i.__hardfp_atan2l   m_wm.l(atan2l.o)
    0x08003fbc   0x08003fbc   0x00000014   Code   RO         3310    i.__hardfp_fabs     m_wm.l(fabs.o)
    0x08003fd0   0x08003fd0   0x00000104   Code   RO         3316    i.__hardfp_fmod     m_wm.l(fmod.o)
    0x080040d4   0x080040d4   0x00000004   PAD
    0x080040d8   0x080040d8   0x00000c50   Code   RO         3328    i.__hardfp_pow      m_wm.l(pow.o)
    0x08004d28   0x08004d28   0x0000007a   Code   RO         3342    i.__hardfp_sqrt     m_wm.l(sqrt.o)
    0x08004da2   0x08004da2   0x000000f8   Code   RO         3409    i.__kernel_poly     m_wm.l(poly.o)
    0x08004e9a   0x08004e9a   0x00000006   PAD
    0x08004ea0   0x08004ea0   0x00000030   Code   RO         3393    i.__mathlib_dbl_divzero  m_wm.l(dunder.o)
    0x08004ed0   0x08004ed0   0x00000014   Code   RO         3394    i.__mathlib_dbl_infnan  m_wm.l(dunder.o)
    0x08004ee4   0x08004ee4   0x00000014   Code   RO         3395    i.__mathlib_dbl_infnan2  m_wm.l(dunder.o)
    0x08004ef8   0x08004ef8   0x00000020   Code   RO         3396    i.__mathlib_dbl_invalid  m_wm.l(dunder.o)
    0x08004f18   0x08004f18   0x00000020   Code   RO         3397    i.__mathlib_dbl_overflow  m_wm.l(dunder.o)
    0x08004f38   0x08004f38   0x00000020   Code   RO         3399    i.__mathlib_dbl_underflow  m_wm.l(dunder.o)
    0x08004f58   0x08004f58   0x0000000e   Code   RO         3466    i.__scatterload_copy  mc_w.l(handlers.o)
    0x08004f66   0x08004f66   0x00000002   Code   RO         3467    i.__scatterload_null  mc_w.l(handlers.o)
    0x08004f68   0x08004f68   0x0000000e   Code   RO         3468    i.__scatterload_zeroinit  mc_w.l(handlers.o)
    0x08004f76   0x08004f76   0x00000002   PAD
    0x08004f78   0x08004f78   0x0000000c   Code   RO         3434    i.__set_errno       mc_w.l(errno.o)
    0x08004f84   0x08004f84   0x00000010   Code   RO         3450    i.atan              m_wm.l(atan.o)
    0x08004f94   0x08004f94   0x00000018   Code   RO         3312    i.fabs              m_wm.l(fabs.o)
    0x08004fac   0x08004fac   0x00000064   Code   RO          499    i.main              main.o
    0x08005010   0x08005010   0x0000001c   Code   RO          316    i.motor_speed_handler  motorcontrol.o
    0x0800502c   0x0800502c   0x0000006e   Code   RO         3344    i.sqrt              m_wm.l(sqrt.o)
    0x0800509a   0x0800509a   0x00000010   Data   RO          903    .constdata          system_stm32f4xx.o
    0x080050aa   0x080050aa   0x00000006   PAD
    0x080050b0   0x080050b0   0x00000088   Data   RO         3331    .constdata          m_wm.l(pow.o)
    0x08005138   0x08005138   0x00000008   Data   RO         3411    .constdata          m_wm.l(qnan.o)
    0x08005140   0x08005140   0x00000098   Data   RO         3451    .constdata          m_wm.l(atan.o)
    0x080051d8   0x080051d8   0x00000020   Data   RO         3464    Region$$Table       anon$$obj.o


    Execution Region RW_IRAM1 (Exec base: 0x20000000, Load base: 0x080051f8, Size: 0x00000bc8, Max: 0x00030000, ABSOLUTE)

    Exec Addr    Load Addr    Size         Type   Attr      Idx    E Section Name        Object

    0x20000000   0x080051f8   0x000000c8   Data   RW           15    .data               robot.o
    0x200000c8   0x080052c0   0x00000004   Data   RW          501    .data               main.o
    0x200000cc   0x080052c4   0x00000004   PAD
    0x200000d0   0x080052c8   0x00000008   Data   RW          502    .data               main.o
    0x200000d8   0x080052d0   0x00000008   Data   RW          503    .data               main.o
    0x200000e0   0x080052d8   0x00000008   Data   RW          504    .data               main.o
    0x200000e8   0x080052e0   0x00000008   Data   RW          588    .data               crc.o
    0x200000f0   0x080052e8   0x00000004   Data   RW          905    .data               system_stm32f4xx.o
    0x200000f4   0x080052ec   0x0000000c   Data   RW         3157    .data               stm32f4xx_hal.o
    0x20000100   0x080052f8   0x00000004   Data   RW         3435    .data               mc_w.l(errno.o)
    0x20000104   0x080052fc   0x00000004   PAD
    0x20000108        -       0x00000468   Zero   RW          500    .bss                main.o
    0x20000570        -       0x000000b0   Zero   RW          631    .bss                spi.o
    0x20000620        -       0x000001a4   Zero   RW          689    .bss                tim.o
    0x200007c4   0x080052fc   0x00000004   PAD
    0x200007c8        -       0x00000400   Zero   RW            1    STACK               startup_stm32f429xx.o


==============================================================================

Image component sizes


      Code (inc. data)   RO Data    RW Data    ZI Data      Debug   Object Name

       546         28          0          0          0       2782   controlsystem.o
        76         18          0          8          0       1491   crc.o
       312         26          0          0          0       1107   gpio.o
       692         88          0          0          0       5417   hardware.o
      1772        196          0          0          0       4890   linear.o
       254         20          0         28       1128       6762   main.o
      1072         84          0          0          0       4562   motorcontrol.o
       180         24          0          0          0       1954   position.o
       212         32          0        200          0     743861   robot.o
       348         42          0          0        176       2382   spi.o
        36          8        428          0       1024        840   startup_stm32f429xx.o
       144         24          0         12          0       4353   stm32f4xx_hal.o
       194         14          0          0          0      31015   stm32f4xx_hal_cortex.o
        98          0          0          0          0       2143   stm32f4xx_hal_crc.o
       486         54          0          0          0       2820   stm32f4xx_hal_gpio.o
        52          4          0          0          0        842   stm32f4xx_hal_msp.o
       112         12          0          0          0       1500   stm32f4xx_hal_pwr_ex.o
      1188         48          0          0          0       4414   stm32f4xx_hal_rcc.o
       768          0          0          0          0       4793   stm32f4xx_hal_spi.o
      1886         88          0          0          0      19605   stm32f4xx_hal_tim.o
        84          0          0          0          0       2790   stm32f4xx_hal_tim_ex.o
        72         22          0          0          0       5587   stm32f4xx_it.o
        84         18         16          4          0       1223   system_stm32f4xx.o
      1252        122          0          0        420       7762   tim.o
      1008        128          0          0          0       3046   turn.o

    ----------------------------------------------------------------------
     12954       1100        482        256       2752     867941   Object Totals
         0          0         32          0          0          0   (incl. Generated)
        26          0          6          4          4          0   (incl. Padding)

    ----------------------------------------------------------------------

      Code (inc. data)   RO Data    RW Data    ZI Data      Debug   Library Member Name

       744        106        152          0          0        352   atan.o
       496         64          0          0          0        192   atan2.o
         4          0          0          0          0        116   atan2l.o
       184         44          0          0          0        744   dunder.o
        44          0          0          0          0        248   fabs.o
       260          6          0          0          0        144   fmod.o
        48          0          0          0          0        124   fpclassify.o
       248          0          0          0          0        152   poly.o
      3152        296        136          0          0        352   pow.o
         0          0          8          0          0          0   qnan.o
       232          0          0          0          0        296   sqrt.o
         0          0          0          0          0          0   entry.o
         0          0          0          0          0          0   entry10a.o
         0          0          0          0          0          0   entry11a.o
         8          4          0          0          0          0   entry2.o
         4          0          0          0          0          0   entry5.o
         0          0          0          0          0          0   entry7b.o
         0          0          0          0          0          0   entry8b.o
         8          4          0          0          0          0   entry9a.o
        12          6          0          4          0         68   errno.o
        30          0          0          0          0          0   handlers.o
        36          8          0          0          0         68   init.o
         0          0          0          0          0          0   iusefp.o
        30          0          0          0          0         68   llshl.o
        36          0          0          0          0         68   llsshr.o
        32          0          0          0          0         68   llushr.o
        36          0          0          0          0        108   memseta.o
        98          0          0          0          0         92   uldiv.o
        48          0          0          0          0         68   cdcmple.o
        48          0          0          0          0         68   cdrcmple.o
       334          0          0          0          0        148   dadd.o
       222          0          0          0          0        100   ddiv.o
       186          0          0          0          0        176   depilogue.o
        50          0          0          0          0         76   dfixui.o
        34          0          0          0          0         76   dflti.o
       228          0          0          0          0         96   dmul.o
       134          0          0          0          0         96   drem.o
        46          0          0          0          0         80   dscalb.o
       162          0          0          0          0        100   dsqrt.o

    ----------------------------------------------------------------------
      7252        542        296          4          4       4344   Library Totals
        18          4          0          0          4          0   (incl. Padding)

    ----------------------------------------------------------------------

      Code (inc. data)   RO Data    RW Data    ZI Data      Debug   Library Name

      5412        516        296          0          0       2720   m_wm.l
       330         22          0          4          0        540   mc_w.l
      1492          0          0          0          0       1084   mf_w.l

    ----------------------------------------------------------------------
      7252        542        296          4          4       4344   Library Totals

    ----------------------------------------------------------------------

==============================================================================


      Code (inc. data)   RO Data    RW Data    ZI Data      Debug   

     20206       1642        778        260       2756     859709   Grand Totals
     20206       1642        778        260       2756     859709   ELF Image Totals
     20206       1642        778        260          0          0   ROM Totals

==============================================================================

    Total RO  Size (Code + RO Data)                20984 (  20.49kB)
    Total RW  Size (RW Data + ZI Data)              3016 (   2.95kB)
    Total ROM Size (Code + RO Data + RW Data)      21244 (  20.75kB)

==============================================================================

